Archive member included to satisfy reference by file (symbol)

/opt/gcc-arm-none-eabi-6-2017-q2-update/bin/../lib/gcc/arm-none-eabi/6.3.1/thumb/v6-m/libgcc.a(_dvmd_tls.o)
                              CMakeFiles/mpu6050_i2c.dir/home/louati/pico/pico/pico-sdk/src/rp2_common/pico_divider/divider.S.obj (__aeabi_idiv0)
/opt/gcc-arm-none-eabi-6-2017-q2-update/bin/../lib/gcc/arm-none-eabi/6.3.1/../../../../arm-none-eabi/lib/thumb/v6-m/libc.a(lib_a-calloc.o)
                              CMakeFiles/mpu6050_i2c.dir/home/louati/pico/pico/pico-sdk/src/rp2_common/pico_malloc/pico_malloc.c.obj (calloc)
/opt/gcc-arm-none-eabi-6-2017-q2-update/bin/../lib/gcc/arm-none-eabi/6.3.1/../../../../arm-none-eabi/lib/thumb/v6-m/libc.a(lib_a-callocr.o)
                              /opt/gcc-arm-none-eabi-6-2017-q2-update/bin/../lib/gcc/arm-none-eabi/6.3.1/../../../../arm-none-eabi/lib/thumb/v6-m/libc.a(lib_a-calloc.o) (_calloc_r)
/opt/gcc-arm-none-eabi-6-2017-q2-update/bin/../lib/gcc/arm-none-eabi/6.3.1/../../../../arm-none-eabi/lib/thumb/v6-m/libc.a(lib_a-impure.o)
                              CMakeFiles/mpu6050_i2c.dir/home/louati/pico/pico/pico-sdk/src/common/pico_util/pheap.c.obj (_impure_ptr)
/opt/gcc-arm-none-eabi-6-2017-q2-update/bin/../lib/gcc/arm-none-eabi/6.3.1/../../../../arm-none-eabi/lib/thumb/v6-m/libc.a(lib_a-init.o)
                              /opt/gcc-arm-none-eabi-6-2017-q2-update/bin/../lib/gcc/arm-none-eabi/6.3.1/../../../../arm-none-eabi/lib/thumb/v6-m/crt0.o (__libc_init_array)
/opt/gcc-arm-none-eabi-6-2017-q2-update/bin/../lib/gcc/arm-none-eabi/6.3.1/../../../../arm-none-eabi/lib/thumb/v6-m/libc.a(lib_a-malloc.o)
                              CMakeFiles/mpu6050_i2c.dir/home/louati/pico/pico/pico-sdk/src/rp2_common/pico_malloc/pico_malloc.c.obj (malloc)
/opt/gcc-arm-none-eabi-6-2017-q2-update/bin/../lib/gcc/arm-none-eabi/6.3.1/../../../../arm-none-eabi/lib/thumb/v6-m/libc.a(lib_a-mallocr.o)
                              /opt/gcc-arm-none-eabi-6-2017-q2-update/bin/../lib/gcc/arm-none-eabi/6.3.1/../../../../arm-none-eabi/lib/thumb/v6-m/libc.a(lib_a-callocr.o) (_malloc_r)
/opt/gcc-arm-none-eabi-6-2017-q2-update/bin/../lib/gcc/arm-none-eabi/6.3.1/../../../../arm-none-eabi/lib/thumb/v6-m/libc.a(lib_a-mlock.o)
                              /opt/gcc-arm-none-eabi-6-2017-q2-update/bin/../lib/gcc/arm-none-eabi/6.3.1/../../../../arm-none-eabi/lib/thumb/v6-m/libc.a(lib_a-mallocr.o) (__malloc_lock)
/opt/gcc-arm-none-eabi-6-2017-q2-update/bin/../lib/gcc/arm-none-eabi/6.3.1/../../../../arm-none-eabi/lib/thumb/v6-m/libc.a(lib_a-sbrkr.o)
                              /opt/gcc-arm-none-eabi-6-2017-q2-update/bin/../lib/gcc/arm-none-eabi/6.3.1/../../../../arm-none-eabi/lib/thumb/v6-m/libc.a(lib_a-mallocr.o) (_sbrk_r)
/opt/gcc-arm-none-eabi-6-2017-q2-update/bin/../lib/gcc/arm-none-eabi/6.3.1/../../../../arm-none-eabi/lib/thumb/v6-m/libc.a(lib_a-strlen-stub.o)
                              CMakeFiles/mpu6050_i2c.dir/home/louati/pico/pico/pico-sdk/src/rp2_common/pico_stdio/stdio.c.obj (strlen)
/opt/gcc-arm-none-eabi-6-2017-q2-update/bin/../lib/gcc/arm-none-eabi/6.3.1/../../../../arm-none-eabi/lib/thumb/v6-m/libc.a(lib_a-wbuf.o)
                              CMakeFiles/mpu6050_i2c.dir/home/louati/pico/pico/pico-sdk/src/common/pico_util/pheap.c.obj (__swbuf_r)
/opt/gcc-arm-none-eabi-6-2017-q2-update/bin/../lib/gcc/arm-none-eabi/6.3.1/../../../../arm-none-eabi/lib/thumb/v6-m/libc.a(lib_a-wsetup.o)
                              /opt/gcc-arm-none-eabi-6-2017-q2-update/bin/../lib/gcc/arm-none-eabi/6.3.1/../../../../arm-none-eabi/lib/thumb/v6-m/libc.a(lib_a-wbuf.o) (__swsetup_r)
/opt/gcc-arm-none-eabi-6-2017-q2-update/bin/../lib/gcc/arm-none-eabi/6.3.1/../../../../arm-none-eabi/lib/thumb/v6-m/libc.a(lib_a-fflush.o)
                              /opt/gcc-arm-none-eabi-6-2017-q2-update/bin/../lib/gcc/arm-none-eabi/6.3.1/../../../../arm-none-eabi/lib/thumb/v6-m/libc.a(lib_a-wbuf.o) (_fflush_r)
/opt/gcc-arm-none-eabi-6-2017-q2-update/bin/../lib/gcc/arm-none-eabi/6.3.1/../../../../arm-none-eabi/lib/thumb/v6-m/libc.a(lib_a-findfp.o)
                              /opt/gcc-arm-none-eabi-6-2017-q2-update/bin/../lib/gcc/arm-none-eabi/6.3.1/../../../../arm-none-eabi/lib/thumb/v6-m/libc.a(lib_a-wbuf.o) (__sinit)
/opt/gcc-arm-none-eabi-6-2017-q2-update/bin/../lib/gcc/arm-none-eabi/6.3.1/../../../../arm-none-eabi/lib/thumb/v6-m/libc.a(lib_a-freer.o)
                              /opt/gcc-arm-none-eabi-6-2017-q2-update/bin/../lib/gcc/arm-none-eabi/6.3.1/../../../../arm-none-eabi/lib/thumb/v6-m/libc.a(lib_a-malloc.o) (_free_r)
/opt/gcc-arm-none-eabi-6-2017-q2-update/bin/../lib/gcc/arm-none-eabi/6.3.1/../../../../arm-none-eabi/lib/thumb/v6-m/libc.a(lib_a-fwalk.o)
                              /opt/gcc-arm-none-eabi-6-2017-q2-update/bin/../lib/gcc/arm-none-eabi/6.3.1/../../../../arm-none-eabi/lib/thumb/v6-m/libc.a(lib_a-findfp.o) (_fwalk)
[...]
Memory Configuration

Name             Origin             Length             Attributes
FLASH            0x0000000010000000 0x0000000000200000 xr
RAM              0x0000000020000000 0x0000000000040000 xrw
SCRATCH_X        0x0000000020040000 0x0000000000001000 xrw
SCRATCH_Y        0x0000000020041000 0x0000000000001000 xrw
*default*        0x0000000000000000 0xffffffffffffffff

Linker script and memory map

LOAD /opt/gcc-arm-none-eabi-6-2017-q2-update/bin/../lib/gcc/arm-none-eabi/6.3.1/thumb/v6-m/crti.o
LOAD /opt/gcc-arm-none-eabi-6-2017-q2-update/bin/../lib/gcc/arm-none-eabi/6.3.1/thumb/v6-m/crtbegin.o
LOAD /opt/gcc-arm-none-eabi-6-2017-q2-update/bin/../lib/gcc/arm-none-eabi/6.3.1/../../../../arm-none-eabi/lib/thumb/v6-m/crt0.o

.flash_begin    0x0000000010000000        0x0
                0x0000000010000000                __flash_binary_start = .

.boot2          0x0000000010000000      0x100
                0x0000000010000000                __boot2_start__ = .
 *(.boot2)
 .boot2         0x0000000010000000      0x100 /tmp/ccf5wkvE.o
                0x0000000010000100                __boot2_end__ = .
                0x0000000000000001                ASSERT (((__boot2_end__ - __boot2_start__) == 0x100), ERROR: Pico second stage bootloader must be 256 bytes in size)

.text           0x0000000010000100     0x8178
                0x0000000010000100                __logical_binary_start = .
 *(.vectors)
 .vectors       0x0000000010000100       0xd4 CMakeFiles/mpu6050_i2c.dir/home/louati/pico/pico/pico-sdk/src/rp2_common/pico_standard_link/crt0.S.obj
                0x0000000010000100                __vectors
                0x00000000100001c0                isr_invalid
                0x00000000100001c2                isr_nmi
                0x00000000100001c4                isr_hardfault
                0x00000000100001c6                isr_svcall
                0x00000000100001c8                isr_pendsv
                0x00000000100001ca                isr_systick
                0x00000000100001cc                isr_irq30
                0x00000000100001cc                __unhandled_user_irq
                0x00000000100001cc                isr_irq13
                0x00000000100001cc                isr_irq27
                0x00000000100001cc                isr_irq31
                0x00000000100001cc                isr_irq5
                0x00000000100001cc                isr_irq11
                0x00000000100001cc                isr_irq23
                0x00000000100001cc                isr_irq18
                0x00000000100001cc                isr_irq28
                0x00000000100001cc                isr_irq19
                0x00000000100001cc                isr_irq0
                0x00000000100001cc                isr_irq6
                0x00000000100001cc                isr_irq22
                0x00000000100001cc                isr_irq17
                0x00000000100001cc                isr_irq14
                0x00000000100001cc                isr_irq2
                0x00000000100001cc                isr_irq10
                0x00000000100001cc                isr_irq8
                0x00000000100001cc                isr_irq24
                0x00000000100001cc                isr_irq1
                0x00000000100001cc                isr_irq7
                0x00000000100001cc                isr_irq21
                0x00000000100001cc                isr_irq20
                0x00000000100001cc                isr_irq15
                0x00000000100001cc                isr_irq25
                0x00000000100001cc                isr_irq4
                0x00000000100001cc                isr_irq16
                0x00000000100001cc                isr_irq29
                0x00000000100001cc                isr_irq26
                0x00000000100001cc                isr_irq3
                0x00000000100001cc                isr_irq12
                0x00000000100001cc                isr_irq9
                0x00000000100001d2                unhandled_user_irq_num_in_r0
 *(.binary_info_header)
 .binary_info_header
                0x00000000100001d4       0x14 CMakeFiles/mpu6050_i2c.dir/home/louati/pico/pico/pico-sdk/src/rp2_common/pico_standard_link/crt0.S.obj
                0x00000000100001e8                __binary_info_header_end = .
 *(.reset)
 .reset         0x00000000100001e8       0xa8 CMakeFiles/mpu6050_i2c.dir/home/louati/pico/pico/pico-sdk/src/rp2_common/pico_standard_link/crt0.S.obj
                0x00000000100001e8                _entry_point
                0x0000000010000266                __get_current_exception
 .reset         0x0000000010000290       0x30 CMakeFiles/mpu6050_i2c.dir/home/louati/pico/pico/pico-sdk/src/rp2_common/pico_standard_link/binary_info.c.obj
 *(.init)
 .init          0x00000000100002c0        0x4 /opt/gcc-arm-none-eabi-6-2017-q2-update/bin/../lib/gcc/arm-none-eabi/6.3.1/thumb/v6-m/crti.o
                0x00000000100002c0                _init
 *(EXCLUDE_FILE(*libm.a: *libc.a:*lib_a-mem*.o *libgcc.a:) .text*)
 .text          0x00000000100002c4       0x60 /opt/gcc-arm-none-eabi-6-2017-q2-update/bin/../lib/gcc/arm-none-eabi/6.3.1/thumb/v6-m/crtbegin.o
 .text.startup.main
                0x0000000010000324      0x19c CMakeFiles/mpu6050_i2c.dir/mpu6050_i2c.c.obj
                0x0000000010000324                main
 .text.gpio_set_function
                0x00000000100004c0       0x30 CMakeFiles/mpu6050_i2c.dir/home/louati/pico/pico/pico-sdk/src/rp2_common/hardware_gpio/gpio.c.obj
                0x00000000100004c0                gpio_set_function
 .text.gpio_set_pulls
                0x00000000100004f0       0x34 CMakeFiles/mpu6050_i2c.dir/home/louati/pico/pico/pico-sdk/src/rp2_common/hardware_gpio/gpio.c.obj
                0x00000000100004f0                gpio_set_pulls
 .text.hw_claim_or_assert
                0x0000000010000524       0x44 CMakeFiles/mpu6050_i2c.dir/home/louati/pico/pico/pico-sdk/src/rp2_common/hardware_claim/claim.c.obj
                0x0000000010000524                hw_claim_or_assert
 .text.hw_claim_unused_from_range
                0x0000000010000568       0x8c CMakeFiles/mpu6050_i2c.dir/home/louati/pico/pico/pico-sdk/src/rp2_common/hardware_claim/claim.c.obj
                0x0000000010000568                hw_claim_unused_from_range
 .text.spin_locks_reset
                0x00000000100005f4       0x1c CMakeFiles/mpu6050_i2c.dir/home/louati/pico/pico/pico-sdk/src/rp2_common/hardware_sync/sync.c.obj
                0x00000000100005f4                spin_locks_reset
 .text.next_striped_spin_lock_num
                0x0000000010000610       0x18 CMakeFiles/mpu6050_i2c.dir/home/louati/pico/pico/pico-sdk/src/rp2_common/hardware_sync/sync.c.obj
                0x0000000010000610                next_striped_spin_lock_num
 .text.spin_lock_claim_unused
                0x0000000010000628       0x20 CMakeFiles/mpu6050_i2c.dir/home/louati/pico/pico/pico-sdk/src/rp2_common/hardware_sync/sync.c.obj
                0x0000000010000628                spin_lock_claim_unused
 .text.running_on_fpga
                0x0000000010000648       0x10 CMakeFiles/mpu6050_i2c.dir/home/louati/pico/pico/pico-sdk/src/rp2_common/pico_platform/platform.c.obj
                0x0000000010000648                running_on_fpga
 .text.uart_init
                0x0000000010000658       0xe4 CMakeFiles/mpu6050_i2c.dir/home/louati/pico/pico/pico-sdk/src/rp2_common/hardware_uart/uart.c.obj
                0x0000000010000658                uart_init
 .text.timer_pool_entry_comparator
                0x000000001000073c       0x34 CMakeFiles/mpu6050_i2c.dir/home/louati/pico/pico/pico-sdk/src/common/pico_time/time.c.obj
                0x000000001000073c                timer_pool_entry_comparator
 .text.sev_callback
                0x0000000010000770        0x8 CMakeFiles/mpu6050_i2c.dir/home/louati/pico/pico/pico-sdk/src/common/pico_time/time.c.obj
 .text.add_alarm_under_lock
                0x0000000010000778      0x12c CMakeFiles/mpu6050_i2c.dir/home/louati/pico/pico/pico-sdk/src/common/pico_time/time.c.obj
 .text.alarm_pool_alarm_callback
                0x00000000100008a4      0x1dc CMakeFiles/mpu6050_i2c.dir/home/louati/pico/pico/pico-sdk/src/common/pico_time/time.c.obj
 .text.alarm_pool_init_default
                0x0000000010000a80       0x78 CMakeFiles/mpu6050_i2c.dir/home/louati/pico/pico/pico-sdk/src/common/pico_time/time.c.obj
                0x0000000010000a80                alarm_pool_init_default
 .text.alarm_pool_get_default
                0x0000000010000af8        0xc CMakeFiles/mpu6050_i2c.dir/home/louati/pico/pico/pico-sdk/src/common/pico_time/time.c.obj
                0x0000000010000af8                alarm_pool_get_default
 .text.alarm_pool_add_alarm_at
                0x0000000010000b04      0x1ac CMakeFiles/mpu6050_i2c.dir/home/louati/pico/pico/pico-sdk/src/common/pico_time/time.c.obj
                0x0000000010000b04                alarm_pool_add_alarm_at
 .text.sleep_until
                0x0000000010000cb0      0x1ac CMakeFiles/mpu6050_i2c.dir/home/louati/pico/pico/pico-sdk/src/common/pico_time/time.c.obj
                0x0000000010000cb0                sleep_until
 .text.sleep_ms
                0x0000000010000e5c       0x38 CMakeFiles/mpu6050_i2c.dir/home/louati/pico/pico/pico-sdk/src/common/pico_time/time.c.obj
                0x0000000010000e5c                sleep_ms
 .text.best_effort_wfe_or_timeout
                0x0000000010000e94      0x1dc CMakeFiles/mpu6050_i2c.dir/home/louati/pico/pico/pico-sdk/src/common/pico_time/time.c.obj
                0x0000000010000e94                best_effort_wfe_or_timeout
 .text.hardware_alarm_irq_handler
                0x0000000010001070       0xa0 CMakeFiles/mpu6050_i2c.dir/home/louati/pico/pico/pico-sdk/src/rp2_common/hardware_timer/timer.c.obj
 .text.hardware_alarm_claim
                0x0000000010001110       0x18 CMakeFiles/mpu6050_i2c.dir/home/louati/pico/pico/pico-sdk/src/rp2_common/hardware_timer/timer.c.obj
                0x0000000010001110                hardware_alarm_claim
 .text.time_us_64
                0x0000000010001128       0x18 CMakeFiles/mpu6050_i2c.dir/home/louati/pico/pico/pico-sdk/src/rp2_common/hardware_timer/timer.c.obj
                0x0000000010001128                time_us_64
 .text.busy_wait_until
                0x0000000010001140       0x20 CMakeFiles/mpu6050_i2c.dir/home/louati/pico/pico/pico-sdk/src/rp2_common/hardware_timer/timer.c.obj
                0x0000000010001140                busy_wait_until
 .text.hardware_alarm_set_callback
                0x0000000010001160       0x8c CMakeFiles/mpu6050_i2c.dir/home/louati/pico/pico/pico-sdk/src/rp2_common/hardware_timer/timer.c.obj
                0x0000000010001160                hardware_alarm_set_callback
 .text.hardware_alarm_set_target
                0x00000000100011ec       0xbc CMakeFiles/mpu6050_i2c.dir/home/louati/pico/pico/pico-sdk/src/rp2_common/hardware_timer/timer.c.obj
                0x00000000100011ec                hardware_alarm_set_target
 .text.hardware_alarm_cancel
                0x00000000100012a8       0x40 CMakeFiles/mpu6050_i2c.dir/home/louati/pico/pico/pico-sdk/src/rp2_common/hardware_timer/timer.c.obj
                0x00000000100012a8                hardware_alarm_cancel
 .text.lock_init
                0x00000000100012e8       0x10 CMakeFiles/mpu6050_i2c.dir/home/louati/pico/pico/pico-sdk/src/common/pico_sync/lock_core.c.obj
                0x00000000100012e8                lock_init
 .text.mutex_init
                0x00000000100012f8       0x1c CMakeFiles/mpu6050_i2c.dir/home/louati/pico/pico/pico-sdk/src/common/pico_sync/mutex.c.obj
                0x00000000100012f8                mutex_init
 .text.critical_section_init
                0x0000000010001314       0x18 CMakeFiles/mpu6050_i2c.dir/home/louati/pico/pico/pico-sdk/src/common/pico_sync/critical_section.c.obj
                0x0000000010001314                critical_section_init
 .text.ph_merge_two_pass.part.3
                0x000000001000132c      0x18c CMakeFiles/mpu6050_i2c.dir/home/louati/pico/pico/pico-sdk/src/common/pico_util/pheap.c.obj
 .text.ph_create
                0x00000000100014b8       0x64 CMakeFiles/mpu6050_i2c.dir/home/louati/pico/pico/pico-sdk/src/common/pico_util/pheap.c.obj
                0x00000000100014b8                ph_create
 .text.ph_remove_head_reserve
                0x000000001000151c      0x158 CMakeFiles/mpu6050_i2c.dir/home/louati/pico/pico/pico-sdk/src/common/pico_util/pheap.c.obj
                0x000000001000151c                ph_remove_head_reserve
 .text.ph_delete
                0x0000000010001674      0x254 CMakeFiles/mpu6050_i2c.dir/home/louati/pico/pico/pico-sdk/src/common/pico_util/pheap.c.obj
                0x0000000010001674                ph_delete
 .text.runtime_init
                0x00000000100018c8       0xf0 CMakeFiles/mpu6050_i2c.dir/home/louati/pico/pico/pico-sdk/src/rp2_common/pico_runtime/runtime.c.obj
                0x00000000100018c8                runtime_init
 .text._sbrk    0x00000000100019b8       0x34 CMakeFiles/mpu6050_i2c.dir/home/louati/pico/pico/pico-sdk/src/rp2_common/pico_runtime/runtime.c.obj
                0x00000000100019b8                _sbrk
 .text.exit     0x00000000100019ec        0x4 CMakeFiles/mpu6050_i2c.dir/home/louati/pico/pico/pico-sdk/src/rp2_common/pico_runtime/runtime.c.obj
                0x00000000100019ec                exit
 .text.panic    0x00000000100019f0       0x30 CMakeFiles/mpu6050_i2c.dir/home/louati/pico/pico/pico-sdk/src/rp2_common/pico_runtime/runtime.c.obj
                0x00000000100019f0                panic
 .text.hard_assertion_failure
                0x0000000010001a20        0xc CMakeFiles/mpu6050_i2c.dir/home/louati/pico/pico/pico-sdk/src/rp2_common/pico_runtime/runtime.c.obj
                0x0000000010001a20                hard_assertion_failure
 .text.clocks_init
                0x0000000010001a2c      0x2ec CMakeFiles/mpu6050_i2c.dir/home/louati/pico/pico/pico-sdk/src/rp2_common/hardware_clocks/clocks.c.obj
                0x0000000010001a2c                clocks_init
 .text.clock_get_hz
                0x0000000010001d18        0xc CMakeFiles/mpu6050_i2c.dir/home/louati/pico/pico/pico-sdk/src/rp2_common/hardware_clocks/clocks.c.obj
                0x0000000010001d18                clock_get_hz
 .text.watchdog_start_tick
                0x0000000010001d24       0x10 CMakeFiles/mpu6050_i2c.dir/home/louati/pico/pico/pico-sdk/src/rp2_common/hardware_watchdog/watchdog.c.obj
                0x0000000010001d24                watchdog_start_tick
 .text.xosc_init
                0x0000000010001d34       0x28 CMakeFiles/mpu6050_i2c.dir/home/louati/pico/pico/pico-sdk/src/rp2_common/hardware_xosc/xosc.c.obj
                0x0000000010001d34                xosc_init
 .text.pll_init
                0x0000000010001d5c       0x50 CMakeFiles/mpu6050_i2c.dir/home/louati/pico/pico/pico-sdk/src/rp2_common/hardware_pll/pll.c.obj
                0x0000000010001d5c                pll_init
 .text.irq_set_enabled
                0x0000000010001dac       0x24 CMakeFiles/mpu6050_i2c.dir/home/louati/pico/pico/pico-sdk/src/rp2_common/hardware_irq/irq.c.obj
                0x0000000010001dac                irq_set_enabled
 .text.irq_set_pending
                0x0000000010001dd0       0x10 CMakeFiles/mpu6050_i2c.dir/home/louati/pico/pico/pico-sdk/src/rp2_common/hardware_irq/irq.c.obj
                0x0000000010001dd0                irq_set_pending
 .text.irq_get_vtable_handler
                0x0000000010001de0       0x10 CMakeFiles/mpu6050_i2c.dir/home/louati/pico/pico/pico-sdk/src/rp2_common/hardware_irq/irq.c.obj
                0x0000000010001de0                irq_get_vtable_handler
 .text.irq_set_exclusive_handler
                0x0000000010001df0       0x54 CMakeFiles/mpu6050_i2c.dir/home/louati/pico/pico/pico-sdk/src/rp2_common/hardware_irq/irq.c.obj
                0x0000000010001df0                irq_set_exclusive_handler
 .text.irq_remove_handler
                0x0000000010001e44      0x1b8 CMakeFiles/mpu6050_i2c.dir/home/louati/pico/pico/pico-sdk/src/rp2_common/hardware_irq/irq.c.obj
                0x0000000010001e44                irq_remove_handler
 .text.irq_add_tail_to_free_list
                0x0000000010001ffc       0xb0 CMakeFiles/mpu6050_i2c.dir/home/louati/pico/pico/pico-sdk/src/rp2_common/hardware_irq/irq.c.obj
                0x0000000010001ffc                irq_add_tail_to_free_list
 .text.irq_init_priorities
                0x00000000100020ac       0x38 CMakeFiles/mpu6050_i2c.dir/home/louati/pico/pico/pico-sdk/src/rp2_common/hardware_irq/irq.c.obj
                0x00000000100020ac                irq_init_priorities
 .text._out_null
                0x00000000100020e4        0x4 CMakeFiles/mpu6050_i2c.dir/home/louati/pico/pico/pico-sdk/src/rp2_common/pico_printf/printf.c.obj
 .text._out_fct
                0x00000000100020e8       0x10 CMakeFiles/mpu6050_i2c.dir/home/louati/pico/pico/pico-sdk/src/rp2_common/pico_printf/printf.c.obj
 .text._out_char
                0x00000000100020f8       0x3c CMakeFiles/mpu6050_i2c.dir/home/louati/pico/pico/pico-sdk/src/rp2_common/pico_printf/printf.c.obj
 .text._ntoa_format
                0x0000000010002134      0x214 CMakeFiles/mpu6050_i2c.dir/home/louati/pico/pico/pico-sdk/src/rp2_common/pico_printf/printf.c.obj
 .text._ftoa    0x0000000010002348      0x6c4 CMakeFiles/mpu6050_i2c.dir/home/louati/pico/pico/pico-sdk/src/rp2_common/pico_printf/printf.c.obj
 .text._etoa.part.1
                0x0000000010002a0c      0x3b8 CMakeFiles/mpu6050_i2c.dir/home/louati/pico/pico/pico-sdk/src/rp2_common/pico_printf/printf.c.obj
 .text._vsnprintf
                0x0000000010002dc4      0xb30 CMakeFiles/mpu6050_i2c.dir/home/louati/pico/pico/pico-sdk/src/rp2_common/pico_printf/printf.c.obj
 .text.vfctprintf
                0x00000000100038f4       0x20 CMakeFiles/mpu6050_i2c.dir/home/louati/pico/pico/pico-sdk/src/rp2_common/pico_printf/printf.c.obj
                0x00000000100038f4                vfctprintf
 .text.weak_raw_vprintf
                0x0000000010003914       0x30 CMakeFiles/mpu6050_i2c.dir/home/louati/pico/pico/pico-sdk/src/rp2_common/pico_printf/printf.c.obj
                0x0000000010003914                weak_raw_vprintf
 .text          0x0000000010003944       0x10 CMakeFiles/mpu6050_i2c.dir/home/louati/pico/pico/pico-sdk/src/rp2_common/pico_bit_ops/bit_ops_aeabi.S.obj
 .text.rom_func_lookup
                0x0000000010003954       0x10 CMakeFiles/mpu6050_i2c.dir/home/louati/pico/pico/pico-sdk/src/rp2_common/pico_bootrom/bootrom.c.obj
                0x0000000010003954                rom_func_lookup
 .text.rom_data_lookup
                0x0000000010003964       0x10 CMakeFiles/mpu6050_i2c.dir/home/louati/pico/pico/pico-sdk/src/rp2_common/pico_bootrom/bootrom.c.obj
                0x0000000010003964                rom_data_lookup
 .text.rom_funcs_lookup
                0x0000000010003974       0x44 CMakeFiles/mpu6050_i2c.dir/home/louati/pico/pico/pico-sdk/src/rp2_common/pico_bootrom/bootrom.c.obj
                0x0000000010003974                rom_funcs_lookup
 .text.__wrap___aeabi_idiv
                0x00000000100039b8       0x58 CMakeFiles/mpu6050_i2c.dir/home/louati/pico/pico/pico-sdk/src/rp2_common/pico_divider/divider.S.obj
                0x00000000100039b8                __wrap___aeabi_idivmod
                0x00000000100039b8                divmod_s32s32
                0x00000000100039b8                div_s32s32
                0x00000000100039b8                __wrap___aeabi_idiv
                0x00000000100039c0                divmod_s32s32_unsafe
                0x00000000100039ec                divmod_s32s32_savestate
 .text.__wrap___aeabi_uidiv
                0x0000000010003a10       0x54 CMakeFiles/mpu6050_i2c.dir/home/louati/pico/pico/pico-sdk/src/rp2_common/pico_divider/divider.S.obj
                0x0000000010003a10                __wrap___aeabi_uidiv
                0x0000000010003a10                __wrap___aeabi_uidivmod
                0x0000000010003a10                div_u32u32
                0x0000000010003a10                divmod_u32u32
                0x0000000010003a18                divmod_u32u32_unsafe
                0x0000000010003a40                divmod_u32u32_savestate
 .text.__wrap___aeabi_ldiv
                0x0000000010003a64      0x430 CMakeFiles/mpu6050_i2c.dir/home/louati/pico/pico/pico-sdk/src/rp2_common/pico_divider/divider.S.obj
                0x0000000010003a64                div_s64s64
                0x0000000010003a64                divmod_s64s64
                0x0000000010003a64                __wrap___aeabi_ldivmod
                0x0000000010003a9c                div_u64u64
                0x0000000010003a9c                divmod_u64u64
                0x0000000010003a9c                __wrap___aeabi_uldivmod
                0x0000000010003aac                divmod_u64u64_savestate
                0x0000000010003ad4                divmod_s64s64_unsafe
                0x0000000010003b5c                divmod_u64u64_unsafe
 .text.__wrap___aeabi_darithmetic
                0x0000000010003e94       0x54 CMakeFiles/mpu6050_i2c.dir/home/louati/pico/pico/pico-sdk/src/rp2_common/pico_double/double_aeabi.S.obj
                0x0000000010003e94                __wrap___aeabi_drsub
                0x0000000010003e9a                __wrap___aeabi_dsub
                0x0000000010003eac                __wrap___aeabi_dadd
                0x0000000010003ebe                __wrap___aeabi_ddiv
                0x0000000010003ed0                __wrap___aeabi_dmul
 .text.__wrap___aeabi_cdcmple
                0x0000000010003ee8       0x6c CMakeFiles/mpu6050_i2c.dir/home/louati/pico/pico/pico-sdk/src/rp2_common/pico_double/double_aeabi.S.obj
                0x0000000010003ee8                __wrap___aeabi_cdrcmple
                0x0000000010003ef8                __wrap___aeabi_cdcmple
                0x0000000010003ef8                __wrap___aeabi_cdcmpeq
 .text.__wrap___aeabi_dcmplt
                0x0000000010003f54        0xc CMakeFiles/mpu6050_i2c.dir/home/louati/pico/pico/pico-sdk/src/rp2_common/pico_double/double_aeabi.S.obj
                0x0000000010003f54                __wrap___aeabi_dcmplt
 .text.__wrap___aeabi_dcmpge
                0x0000000010003f60       0x10 CMakeFiles/mpu6050_i2c.dir/home/louati/pico/pico/pico-sdk/src/rp2_common/pico_double/double_aeabi.S.obj
                0x0000000010003f60                __wrap___aeabi_dcmpge
 .text.__wrap___aeabi_dcmpgt
                0x0000000010003f70        0xa CMakeFiles/mpu6050_i2c.dir/home/louati/pico/pico/pico-sdk/src/rp2_common/pico_double/double_aeabi.S.obj
                0x0000000010003f70                __wrap___aeabi_dcmpgt
 .text.__wrap___aeabi_dcmpun
                0x0000000010003f7a       0x1c CMakeFiles/mpu6050_i2c.dir/home/louati/pico/pico/pico-sdk/src/rp2_common/pico_double/double_aeabi.S.obj
                0x0000000010003f7a                __wrap___aeabi_dcmpun
 *fill*         0x0000000010003f96        0x2 
 .text.__wrap___aeabi_i2d
                0x0000000010003f98       0x38 CMakeFiles/mpu6050_i2c.dir/home/louati/pico/pico/pico-sdk/src/rp2_common/pico_double/double_aeabi.S.obj
                0x0000000010003f98                __wrap___aeabi_ui2d
                0x0000000010003fa0                __wrap___aeabi_i2d
 .text.__wrap___aeabi_d2iz
                0x0000000010003fd0       0x48 CMakeFiles/mpu6050_i2c.dir/home/louati/pico/pico/pico-sdk/src/rp2_common/pico_double/double_aeabi.S.obj
                0x0000000010003fd0                __wrap___aeabi_d2iz
                0x0000000010003fd0                double2int_z
 .text.__wrap___aeabi_d2uiz
                0x0000000010004018       0x18 CMakeFiles/mpu6050_i2c.dir/home/louati/pico/pico/pico-sdk/src/rp2_common/pico_double/double_aeabi.S.obj
                0x0000000010004018                double2uint
                0x0000000010004018                __wrap___aeabi_d2uiz
 .text.__aeabi_double_init
                0x0000000010004030       0x4c CMakeFiles/mpu6050_i2c.dir/home/louati/pico/pico/pico-sdk/src/rp2_common/pico_double/double_init_rom.c.obj
                0x0000000010004030                __aeabi_double_init
 .text.double_table_shim_on_use_helper
                0x000000001000407c       0x2c CMakeFiles/mpu6050_i2c.dir/home/louati/pico/pico/pico-sdk/src/rp2_common/pico_double/double_v1_rom_shim.S.obj
                0x000000001000407c                double_table_shim_on_use_helper
 .text.__wrap___aeabi_dsub
                0x00000000100040a8       0x10 CMakeFiles/mpu6050_i2c.dir/home/louati/pico/pico/pico-sdk/src/rp2_common/pico_double/double_v1_rom_shim.S.obj
                0x00000000100040a8                drsub_shim
                0x00000000100040ae                dsub_shim
 .text.dadd_shim
                0x00000000100040b8      0x15c CMakeFiles/mpu6050_i2c.dir/home/louati/pico/pico/pico-sdk/src/rp2_common/pico_double/double_v1_rom_shim.S.obj
                0x00000000100040b8                dadd_shim
 .text.dmul_shim
                0x0000000010004214      0x15c CMakeFiles/mpu6050_i2c.dir/home/louati/pico/pico/pico-sdk/src/rp2_common/pico_double/double_v1_rom_shim.S.obj
                0x0000000010004214                dmul_shim
 .text.ddiv_shim
                0x0000000010004370      0x1b0 CMakeFiles/mpu6050_i2c.dir/home/louati/pico/pico/pico-sdk/src/rp2_common/pico_double/double_v1_rom_shim.S.obj
                0x0000000010004370                ddiv_shim
 .text.dcordic_rot_step
                0x0000000010004520       0x7c CMakeFiles/mpu6050_i2c.dir/home/louati/pico/pico/pico-sdk/src/rp2_common/pico_double/double_v1_rom_shim.S.obj
                0x0000000010004520                dcordic_rot_step
 .text.double2uint_shim
                0x000000001000459c        0xe CMakeFiles/mpu6050_i2c.dir/home/louati/pico/pico/pico-sdk/src/rp2_common/pico_double/double_v1_rom_shim.S.obj
                0x000000001000459c                double2uint_shim
                0x000000001000459e                double2ufix_shim
 *fill*         0x00000000100045aa        0x2 
 .text.double2uint64_shim
                0x00000000100045ac       0x6c CMakeFiles/mpu6050_i2c.dir/home/louati/pico/pico/pico-sdk/src/rp2_common/pico_double/double_v1_rom_shim.S.obj
                0x00000000100045ac                double2uint64_shim
                0x00000000100045ae                double2ufix64_shim
                0x00000000100045c8                d2fix_a
 .text.dunpacks
                0x0000000010004618       0x3c CMakeFiles/mpu6050_i2c.dir/home/louati/pico/pico/pico-sdk/src/rp2_common/pico_double/double_v1_rom_shim.S.obj
                0x0000000010004618                dunpacks
 .text.__aeabi_lmul
                0x0000000010004654       0x32 CMakeFiles/mpu6050_i2c.dir/home/louati/pico/pico/pico-sdk/src/rp2_common/pico_int64_ops/pico_int64_ops_aeabi.S.obj
                0x0000000010004654                __wrap___aeabi_lmul
 *fill*         0x0000000010004686        0x2 
 .text.__aeabi_float_init
                0x0000000010004688       0x68 CMakeFiles/mpu6050_i2c.dir/home/louati/pico/pico/pico-sdk/src/rp2_common/pico_float/float_init_rom.c.obj
                0x0000000010004688                __aeabi_float_init
 .text.float_table_shim_on_use_helper
                0x00000000100046f0       0x2c CMakeFiles/mpu6050_i2c.dir/home/louati/pico/pico/pico-sdk/src/rp2_common/pico_float/float_v1_rom_shim.S.obj
                0x00000000100046f0                float_table_shim_on_use_helper
 .text.__wrap_malloc
                0x000000001000471c        0x8 CMakeFiles/mpu6050_i2c.dir/home/louati/pico/pico/pico-sdk/src/rp2_common/pico_malloc/pico_malloc.c.obj
                0x000000001000471c                __wrap_malloc
 .text.__wrap_calloc
                0x0000000010004724        0x8 CMakeFiles/mpu6050_i2c.dir/home/louati/pico/pico/pico-sdk/src/rp2_common/pico_malloc/pico_malloc.c.obj
                0x0000000010004724                __wrap_calloc
 .text          0x000000001000472c       0x10 CMakeFiles/mpu6050_i2c.dir/home/louati/pico/pico/pico-sdk/src/rp2_common/pico_mem_ops/mem_ops_aeabi.S.obj
                0x000000001000472c                __aeabi_mem_init
 .text.memset   0x000000001000473c        0xc CMakeFiles/mpu6050_i2c.dir/home/louati/pico/pico/pico-sdk/src/rp2_common/pico_mem_ops/mem_ops_aeabi.S.obj
                0x000000001000473c                __wrap_memset
 .text.memcpy   0x0000000010004748        0xc CMakeFiles/mpu6050_i2c.dir/home/louati/pico/pico/pico-sdk/src/rp2_common/pico_mem_ops/mem_ops_aeabi.S.obj
                0x0000000010004748                __wrap___aeabi_memcpy
                0x0000000010004748                __wrap_memcpy
 .text.stdio_out_chars_crlf
                0x0000000010004754       0xbc CMakeFiles/mpu6050_i2c.dir/home/louati/pico/pico/pico-sdk/src/rp2_common/pico_stdio/stdio.c.obj
 .text.stdio_buffered_printer
                0x0000000010004810       0x64 CMakeFiles/mpu6050_i2c.dir/home/louati/pico/pico/pico-sdk/src/rp2_common/pico_stdio/stdio.c.obj
 .text.__wrap_puts
                0x0000000010004874      0x104 CMakeFiles/mpu6050_i2c.dir/home/louati/pico/pico/pico-sdk/src/rp2_common/pico_stdio/stdio.c.obj
                0x0000000010004874                __wrap_puts
 .text._read    0x0000000010004978       0x84 CMakeFiles/mpu6050_i2c.dir/home/louati/pico/pico/pico-sdk/src/rp2_common/pico_stdio/stdio.c.obj
                0x0000000010004978                _read
 .text._write   0x00000000100049fc       0xa8 CMakeFiles/mpu6050_i2c.dir/home/louati/pico/pico/pico-sdk/src/rp2_common/pico_stdio/stdio.c.obj
                0x00000000100049fc                _write
 .text.stdio_set_driver_enabled
                0x0000000010004aa4       0x3c CMakeFiles/mpu6050_i2c.dir/home/louati/pico/pico/pico-sdk/src/rp2_common/pico_stdio/stdio.c.obj
                0x0000000010004aa4                stdio_set_driver_enabled
 .text.__wrap_vprintf
                0x0000000010004ae0       0xd0 CMakeFiles/mpu6050_i2c.dir/home/louati/pico/pico/pico-sdk/src/rp2_common/pico_stdio/stdio.c.obj
                0x0000000010004ae0                __wrap_vprintf
 .text.__wrap_printf
                0x0000000010004bb0       0x18 CMakeFiles/mpu6050_i2c.dir/home/louati/pico/pico/pico-sdk/src/rp2_common/pico_stdio/stdio.c.obj
                0x0000000010004bb0                __wrap_printf
 .text.stdio_init_all
                0x0000000010004bc8        0xc CMakeFiles/mpu6050_i2c.dir/home/louati/pico/pico/pico-sdk/src/rp2_common/pico_stdio/stdio.c.obj
                0x0000000010004bc8                stdio_init_all
 .text.stdio_uart_in_chars
                0x0000000010004bd4       0x38 CMakeFiles/mpu6050_i2c.dir/home/louati/pico/pico/pico-sdk/src/rp2_common/pico_stdio_uart/stdio_uart.c.obj
                0x0000000010004bd4                stdio_uart_in_chars
 .text.stdio_uart_out_chars
                0x0000000010004c0c       0x3c CMakeFiles/mpu6050_i2c.dir/home/louati/pico/pico/pico-sdk/src/rp2_common/pico_stdio_uart/stdio_uart.c.obj
 .text.stdio_uart_init
                0x0000000010004c48       0x40 CMakeFiles/mpu6050_i2c.dir/home/louati/pico/pico/pico-sdk/src/rp2_common/pico_stdio_uart/stdio_uart.c.obj
                0x0000000010004c48                stdio_uart_init
 .text.stdio_usb_in_chars
                0x0000000010004c88       0x68 CMakeFiles/mpu6050_i2c.dir/home/louati/pico/pico/pico-sdk/src/rp2_common/pico_stdio_usb/stdio_usb.c.obj
                0x0000000010004c88                stdio_usb_in_chars
 .text.timer_task
                0x0000000010004cf0       0x10 CMakeFiles/mpu6050_i2c.dir/home/louati/pico/pico/pico-sdk/src/rp2_common/pico_stdio_usb/stdio_usb.c.obj
 .text.low_priority_worker_irq
                0x0000000010004d00       0x20 CMakeFiles/mpu6050_i2c.dir/home/louati/pico/pico/pico-sdk/src/rp2_common/pico_stdio_usb/stdio_usb.c.obj
 .text.stdio_usb_out_chars
                0x0000000010004d20       0xf0 CMakeFiles/mpu6050_i2c.dir/home/louati/pico/pico/pico-sdk/src/rp2_common/pico_stdio_usb/stdio_usb.c.obj
 .text.stdio_usb_init
                0x0000000010004e10       0x8c CMakeFiles/mpu6050_i2c.dir/home/louati/pico/pico/pico-sdk/src/rp2_common/pico_stdio_usb/stdio_usb.c.obj
                0x0000000010004e10                stdio_usb_init
 .text.tud_descriptor_device_cb
                0x0000000010004e9c        0x8 CMakeFiles/mpu6050_i2c.dir/home/louati/pico/pico/pico-sdk/src/rp2_common/pico_stdio_usb/stdio_usb_descriptors.c.obj
                0x0000000010004e9c                tud_descriptor_device_cb
 .text.tud_descriptor_configuration_cb
                0x0000000010004ea4        0x8 CMakeFiles/mpu6050_i2c.dir/home/louati/pico/pico/pico-sdk/src/rp2_common/pico_stdio_usb/stdio_usb_descriptors.c.obj
                0x0000000010004ea4                tud_descriptor_configuration_cb
 .text.tud_descriptor_string_cb
                0x0000000010004eac       0x5c CMakeFiles/mpu6050_i2c.dir/home/louati/pico/pico/pico-sdk/src/rp2_common/pico_stdio_usb/stdio_usb_descriptors.c.obj
                0x0000000010004eac                tud_descriptor_string_cb
 .text.dcd_rp2040_irq
                0x0000000010004f08      0x134 CMakeFiles/mpu6050_i2c.dir/home/louati/pico/pico/pico-sdk/lib/tinyusb/src/portable/raspberrypi/rp2040/dcd_rp2040.c.obj
 .text.dcd_int_enable
                0x000000001000503c        0xc CMakeFiles/mpu6050_i2c.dir/home/louati/pico/pico/pico-sdk/lib/tinyusb/src/portable/raspberrypi/rp2040/dcd_rp2040.c.obj
                0x000000001000503c                dcd_int_enable
 .text.dcd_set_address
                0x0000000010005048       0x30 CMakeFiles/mpu6050_i2c.dir/home/louati/pico/pico/pico-sdk/lib/tinyusb/src/portable/raspberrypi/rp2040/dcd_rp2040.c.obj
                0x0000000010005048                dcd_set_address
 .text.dcd_connect
                0x0000000010005078       0x10 CMakeFiles/mpu6050_i2c.dir/home/louati/pico/pico/pico-sdk/lib/tinyusb/src/portable/raspberrypi/rp2040/dcd_rp2040.c.obj
                0x0000000010005078                dcd_connect
 .text.dcd_init
                0x0000000010005088       0xac CMakeFiles/mpu6050_i2c.dir/home/louati/pico/pico/pico-sdk/lib/tinyusb/src/portable/raspberrypi/rp2040/dcd_rp2040.c.obj
                0x0000000010005088                dcd_init
 .text.dcd_edpt0_status_complete
                0x0000000010005134       0x38 CMakeFiles/mpu6050_i2c.dir/home/louati/pico/pico/pico-sdk/lib/tinyusb/src/portable/raspberrypi/rp2040/dcd_rp2040.c.obj
                0x0000000010005134                dcd_edpt0_status_complete
 .text.dcd_edpt_open
                0x000000001000516c      0x150 CMakeFiles/mpu6050_i2c.dir/home/louati/pico/pico/pico-sdk/lib/tinyusb/src/portable/raspberrypi/rp2040/dcd_rp2040.c.obj
                0x000000001000516c                dcd_edpt_open
 .text.dcd_edpt_xfer
                0x00000000100052bc       0x2c CMakeFiles/mpu6050_i2c.dir/home/louati/pico/pico/pico-sdk/lib/tinyusb/src/portable/raspberrypi/rp2040/dcd_rp2040.c.obj
                0x00000000100052bc                dcd_edpt_xfer
 .text.dcd_edpt_stall
                0x00000000100052e8       0x50 CMakeFiles/mpu6050_i2c.dir/home/louati/pico/pico/pico-sdk/lib/tinyusb/src/portable/raspberrypi/rp2040/dcd_rp2040.c.obj
                0x00000000100052e8                dcd_edpt_stall
 .text.dcd_edpt_clear_stall
                0x0000000010005338       0x50 CMakeFiles/mpu6050_i2c.dir/home/louati/pico/pico/pico-sdk/lib/tinyusb/src/portable/raspberrypi/rp2040/dcd_rp2040.c.obj
                0x0000000010005338                dcd_edpt_clear_stall
 .text.rp2040_usb_init
                0x0000000010005388       0x50 CMakeFiles/mpu6050_i2c.dir/home/louati/pico/pico/pico-sdk/lib/tinyusb/src/portable/raspberrypi/rp2040/rp2040_usb.c.obj
                0x0000000010005388                rp2040_usb_init
 .text.hw_endpoint_reset_transfer
                0x00000000100053d8       0x14 CMakeFiles/mpu6050_i2c.dir/home/louati/pico/pico/pico-sdk/lib/tinyusb/src/portable/raspberrypi/rp2040/rp2040_usb.c.obj
                0x00000000100053d8                hw_endpoint_reset_transfer
 .text._hw_endpoint_buffer_control_update32
                0x00000000100053ec       0x54 CMakeFiles/mpu6050_i2c.dir/home/louati/pico/pico/pico-sdk/lib/tinyusb/src/portable/raspberrypi/rp2040/rp2040_usb.c.obj
                0x00000000100053ec                _hw_endpoint_buffer_control_update32
 .text._hw_endpoint_xfer_continue
                0x0000000010005440      0x120 CMakeFiles/mpu6050_i2c.dir/home/louati/pico/pico/pico-sdk/lib/tinyusb/src/portable/raspberrypi/rp2040/rp2040_usb.c.obj
                0x0000000010005440                _hw_endpoint_xfer_continue
 .text._hw_endpoint_xfer
                0x0000000010005560      0x1b8 CMakeFiles/mpu6050_i2c.dir/home/louati/pico/pico/pico-sdk/lib/tinyusb/src/portable/raspberrypi/rp2040/rp2040_usb.c.obj
                0x0000000010005560                _hw_endpoint_xfer
 .text.tud_mounted
                0x0000000010005718       0x10 CMakeFiles/mpu6050_i2c.dir/home/louati/pico/pico/pico-sdk/lib/tinyusb/src/device/usbd.c.obj
                0x0000000010005718                tud_mounted
 .text.tud_suspended
                0x0000000010005728       0x10 CMakeFiles/mpu6050_i2c.dir/home/louati/pico/pico/pico-sdk/lib/tinyusb/src/device/usbd.c.obj
                0x0000000010005728                tud_suspended
 .text.tud_init
                0x0000000010005738       0xb8 CMakeFiles/mpu6050_i2c.dir/home/louati/pico/pico/pico-sdk/lib/tinyusb/src/device/usbd.c.obj
                0x0000000010005738                tud_init
 .text.tud_task
                0x00000000100057f0      0x848 CMakeFiles/mpu6050_i2c.dir/home/louati/pico/pico/pico-sdk/lib/tinyusb/src/device/usbd.c.obj
                0x00000000100057f0                tud_task
 .text.dcd_event_bus_signal
                0x0000000010006038       0xe0 CMakeFiles/mpu6050_i2c.dir/home/louati/pico/pico/pico-sdk/lib/tinyusb/src/device/usbd.c.obj
                0x0000000010006038                dcd_event_bus_signal
 .text.dcd_event_setup_received
                0x0000000010006118       0x5c CMakeFiles/mpu6050_i2c.dir/home/louati/pico/pico/pico-sdk/lib/tinyusb/src/device/usbd.c.obj
                0x0000000010006118                dcd_event_setup_received
 .text.dcd_event_xfer_complete
                0x0000000010006174       0x68 CMakeFiles/mpu6050_i2c.dir/home/louati/pico/pico/pico-sdk/lib/tinyusb/src/device/usbd.c.obj
                0x0000000010006174                dcd_event_xfer_complete
 .text.usbd_open_edpt_pair
                0x00000000100061dc       0x7c CMakeFiles/mpu6050_i2c.dir/home/louati/pico/pico/pico-sdk/lib/tinyusb/src/device/usbd.c.obj
                0x00000000100061dc                usbd_open_edpt_pair
 .text.usbd_edpt_open
                0x0000000010006258        0x8 CMakeFiles/mpu6050_i2c.dir/home/louati/pico/pico/pico-sdk/lib/tinyusb/src/device/usbd.c.obj
                0x0000000010006258                usbd_edpt_open
 .text.usbd_edpt_claim
                0x0000000010006260       0x5c CMakeFiles/mpu6050_i2c.dir/home/louati/pico/pico/pico-sdk/lib/tinyusb/src/device/usbd.c.obj
                0x0000000010006260                usbd_edpt_claim
 .text.usbd_edpt_release
                0x00000000100062bc       0x4c CMakeFiles/mpu6050_i2c.dir/home/louati/pico/pico/pico-sdk/lib/tinyusb/src/device/usbd.c.obj
                0x00000000100062bc                usbd_edpt_release
 .text.usbd_edpt_xfer
                0x0000000010006308       0x48 CMakeFiles/mpu6050_i2c.dir/home/louati/pico/pico/pico-sdk/lib/tinyusb/src/device/usbd.c.obj
                0x0000000010006308                usbd_edpt_xfer
 .text.tud_control_status
                0x0000000010006350       0x30 CMakeFiles/mpu6050_i2c.dir/home/louati/pico/pico/pico-sdk/lib/tinyusb/src/device/usbd_control.c.obj
                0x0000000010006350                tud_control_status
 .text.tud_control_xfer
                0x0000000010006380       0xac CMakeFiles/mpu6050_i2c.dir/home/louati/pico/pico/pico-sdk/lib/tinyusb/src/device/usbd_control.c.obj
                0x0000000010006380                tud_control_xfer
 .text.usbd_control_reset
                0x000000001000642c       0x14 CMakeFiles/mpu6050_i2c.dir/home/louati/pico/pico/pico-sdk/lib/tinyusb/src/device/usbd_control.c.obj
                0x000000001000642c                usbd_control_reset
 .text.usbd_control_set_complete_callback
                0x0000000010006440        0xc CMakeFiles/mpu6050_i2c.dir/home/louati/pico/pico/pico-sdk/lib/tinyusb/src/device/usbd_control.c.obj
                0x0000000010006440                usbd_control_set_complete_callback
 .text.usbd_control_set_request
                0x000000001000644c       0x1c CMakeFiles/mpu6050_i2c.dir/home/louati/pico/pico/pico-sdk/lib/tinyusb/src/device/usbd_control.c.obj
                0x000000001000644c                usbd_control_set_request
 .text.usbd_control_xfer_cb
                0x0000000010006468       0xe8 CMakeFiles/mpu6050_i2c.dir/home/louati/pico/pico/pico-sdk/lib/tinyusb/src/device/usbd_control.c.obj
                0x0000000010006468                usbd_control_xfer_cb
 .text.tud_cdc_n_connected
                0x0000000010006550       0x30 CMakeFiles/mpu6050_i2c.dir/home/louati/pico/pico/pico-sdk/lib/tinyusb/src/class/cdc/cdc_device.c.obj
                0x0000000010006550                tud_cdc_n_connected
 .text.tud_cdc_n_available
                0x0000000010006580       0x1c CMakeFiles/mpu6050_i2c.dir/home/louati/pico/pico/pico-sdk/lib/tinyusb/src/class/cdc/cdc_device.c.obj
                0x0000000010006580                tud_cdc_n_available
 .text.tud_cdc_n_read
                0x000000001000659c       0x70 CMakeFiles/mpu6050_i2c.dir/home/louati/pico/pico/pico-sdk/lib/tinyusb/src/class/cdc/cdc_device.c.obj
                0x000000001000659c                tud_cdc_n_read
 .text.tud_cdc_n_write
                0x000000001000660c       0xa8 CMakeFiles/mpu6050_i2c.dir/home/louati/pico/pico/pico-sdk/lib/tinyusb/src/class/cdc/cdc_device.c.obj
                0x000000001000660c                tud_cdc_n_write
 .text.tud_cdc_n_write_flush
                0x00000000100066b4       0x94 CMakeFiles/mpu6050_i2c.dir/home/louati/pico/pico/pico-sdk/lib/tinyusb/src/class/cdc/cdc_device.c.obj
                0x00000000100066b4                tud_cdc_n_write_flush
 .text.tud_cdc_n_write_available
                0x0000000010006748       0x1c CMakeFiles/mpu6050_i2c.dir/home/louati/pico/pico/pico-sdk/lib/tinyusb/src/class/cdc/cdc_device.c.obj
                0x0000000010006748                tud_cdc_n_write_available
 .text.cdcd_init
                0x0000000010006764       0x78 CMakeFiles/mpu6050_i2c.dir/home/louati/pico/pico/pico-sdk/lib/tinyusb/src/class/cdc/cdc_device.c.obj
                0x0000000010006764                cdcd_init
 .text.cdcd_reset
                0x00000000100067dc       0x24 CMakeFiles/mpu6050_i2c.dir/home/louati/pico/pico/pico-sdk/lib/tinyusb/src/class/cdc/cdc_device.c.obj
                0x00000000100067dc                cdcd_reset
 .text.cdcd_open
                0x0000000010006800       0xec CMakeFiles/mpu6050_i2c.dir/home/louati/pico/pico/pico-sdk/lib/tinyusb/src/class/cdc/cdc_device.c.obj
                0x0000000010006800                cdcd_open
 .text.cdcd_control_complete
                0x00000000100068ec       0x44 CMakeFiles/mpu6050_i2c.dir/home/louati/pico/pico/pico-sdk/lib/tinyusb/src/class/cdc/cdc_device.c.obj
                0x00000000100068ec                cdcd_control_complete
 .text.cdcd_control_request
                0x0000000010006930       0x80 CMakeFiles/mpu6050_i2c.dir/home/louati/pico/pico/pico-sdk/lib/tinyusb/src/class/cdc/cdc_device.c.obj
                0x0000000010006930                cdcd_control_request
 .text.cdcd_xfer_cb
                0x00000000100069b0      0x144 CMakeFiles/mpu6050_i2c.dir/home/louati/pico/pico/pico-sdk/lib/tinyusb/src/class/cdc/cdc_device.c.obj
                0x00000000100069b0                cdcd_xfer_cb
 .text.tusb_init
                0x0000000010006af4       0x20 CMakeFiles/mpu6050_i2c.dir/home/louati/pico/pico/pico-sdk/lib/tinyusb/src/tusb.c.obj
                0x0000000010006af4                tusb_init
 .text.tusb_inited
                0x0000000010006b14        0xc CMakeFiles/mpu6050_i2c.dir/home/louati/pico/pico/pico-sdk/lib/tinyusb/src/tusb.c.obj
                0x0000000010006b14                tusb_inited
 .text.tu_fifo_config
                0x0000000010006b20       0x80 CMakeFiles/mpu6050_i2c.dir/home/louati/pico/pico/pico-sdk/lib/tinyusb/src/common/tusb_fifo.c.obj
                0x0000000010006b20                tu_fifo_config
 .text.tu_fifo_count
                0x0000000010006ba0       0x1c CMakeFiles/mpu6050_i2c.dir/home/louati/pico/pico/pico-sdk/lib/tinyusb/src/common/tusb_fifo.c.obj
                0x0000000010006ba0                tu_fifo_count
 .text.tu_fifo_remaining
                0x0000000010006bbc       0x20 CMakeFiles/mpu6050_i2c.dir/home/louati/pico/pico/pico-sdk/lib/tinyusb/src/common/tusb_fifo.c.obj
                0x0000000010006bbc                tu_fifo_remaining
 .text.tu_fifo_read
                0x0000000010006bdc       0xb8 CMakeFiles/mpu6050_i2c.dir/home/louati/pico/pico/pico-sdk/lib/tinyusb/src/common/tusb_fifo.c.obj
                0x0000000010006bdc                tu_fifo_read
 .text.tu_fifo_read_n
                0x0000000010006c94      0x108 CMakeFiles/mpu6050_i2c.dir/home/louati/pico/pico/pico-sdk/lib/tinyusb/src/common/tusb_fifo.c.obj
                0x0000000010006c94                tu_fifo_read_n
 .text.tu_fifo_write
                0x0000000010006d9c       0x90 CMakeFiles/mpu6050_i2c.dir/home/louati/pico/pico/pico-sdk/lib/tinyusb/src/common/tusb_fifo.c.obj
                0x0000000010006d9c                tu_fifo_write
 .text.tu_fifo_write_n
                0x0000000010006e2c       0xfc CMakeFiles/mpu6050_i2c.dir/home/louati/pico/pico/pico-sdk/lib/tinyusb/src/common/tusb_fifo.c.obj
                0x0000000010006e2c                tu_fifo_write_n
 .text.tu_fifo_clear
                0x0000000010006f28       0x2c CMakeFiles/mpu6050_i2c.dir/home/louati/pico/pico/pico-sdk/lib/tinyusb/src/common/tusb_fifo.c.obj
                0x0000000010006f28                tu_fifo_clear
 .text.i2c_init
                0x0000000010006f54       0xa0 CMakeFiles/mpu6050_i2c.dir/home/louati/pico/pico/pico-sdk/src/rp2_common/hardware_i2c/i2c.c.obj
                0x0000000010006f54                i2c_init
 .text.i2c_write_blocking
                0x0000000010006ff4       0xa8 CMakeFiles/mpu6050_i2c.dir/home/louati/pico/pico/pico-sdk/src/rp2_common/hardware_i2c/i2c.c.obj
                0x0000000010006ff4                i2c_write_blocking
 .text.i2c_read_blocking
                0x000000001000709c       0x98 CMakeFiles/mpu6050_i2c.dir/home/louati/pico/pico/pico-sdk/src/rp2_common/hardware_i2c/i2c.c.obj
                0x000000001000709c                i2c_read_blocking
 .text.calloc   0x0000000010007134       0x18 /opt/gcc-arm-none-eabi-6-2017-q2-update/bin/../lib/gcc/arm-none-eabi/6.3.1/../../../../arm-none-eabi/lib/thumb/v6-m/libc.a(lib_a-calloc.o)
                0x0000000010007134                calloc
 .text._calloc_r
                0x000000001000714c       0x58 /opt/gcc-arm-none-eabi-6-2017-q2-update/bin/../lib/gcc/arm-none-eabi/6.3.1/../../../../arm-none-eabi/lib/thumb/v6-m/libc.a(lib_a-callocr.o)
                0x000000001000714c                _calloc_r
 .text.malloc   0x00000000100071a4       0x14 /opt/gcc-arm-none-eabi-6-2017-q2-update/bin/../lib/gcc/arm-none-eabi/6.3.1/../../../../arm-none-eabi/lib/thumb/v6-m/libc.a(lib_a-malloc.o)
                0x00000000100071a4                malloc
 .text._malloc_r
                0x00000000100071b8      0x568 /opt/gcc-arm-none-eabi-6-2017-q2-update/bin/../lib/gcc/arm-none-eabi/6.3.1/../../../../arm-none-eabi/lib/thumb/v6-m/libc.a(lib_a-mallocr.o)
                0x00000000100071b8                _malloc_r
 .text.__malloc_lock
                0x0000000010007720       0x10 /opt/gcc-arm-none-eabi-6-2017-q2-update/bin/../lib/gcc/arm-none-eabi/6.3.1/../../../../arm-none-eabi/lib/thumb/v6-m/libc.a(lib_a-mlock.o)
                0x0000000010007720                __malloc_lock
 .text.__malloc_unlock
                0x0000000010007730       0x10 /opt/gcc-arm-none-eabi-6-2017-q2-update/bin/../lib/gcc/arm-none-eabi/6.3.1/../../../../arm-none-eabi/lib/thumb/v6-m/libc.a(lib_a-mlock.o)
                0x0000000010007730                __malloc_unlock
 .text._sbrk_r  0x0000000010007740       0x24 /opt/gcc-arm-none-eabi-6-2017-q2-update/bin/../lib/gcc/arm-none-eabi/6.3.1/../../../../arm-none-eabi/lib/thumb/v6-m/libc.a(lib_a-sbrkr.o)
                0x0000000010007740                _sbrk_r
 .text.strlen   0x0000000010007764       0x64 /opt/gcc-arm-none-eabi-6-2017-q2-update/bin/../lib/gcc/arm-none-eabi/6.3.1/../../../../arm-none-eabi/lib/thumb/v6-m/libc.a(lib_a-strlen-stub.o)
                0x0000000010007764                strlen
 .text.__swbuf_r
                0x00000000100077c8       0xbc /opt/gcc-arm-none-eabi-6-2017-q2-update/bin/../lib/gcc/arm-none-eabi/6.3.1/../../../../arm-none-eabi/lib/thumb/v6-m/libc.a(lib_a-wbuf.o)
                0x00000000100077c8                __swbuf_r
 .text.__swsetup_r
                0x0000000010007884       0xd4 /opt/gcc-arm-none-eabi-6-2017-q2-update/bin/../lib/gcc/arm-none-eabi/6.3.1/../../../../arm-none-eabi/lib/thumb/v6-m/libc.a(lib_a-wsetup.o)
                0x0000000010007884                __swsetup_r
 .text.__sflush_r
                0x0000000010007958      0x150 /opt/gcc-arm-none-eabi-6-2017-q2-update/bin/../lib/gcc/arm-none-eabi/6.3.1/../../../../arm-none-eabi/lib/thumb/v6-m/libc.a(lib_a-fflush.o)
                0x0000000010007958                __sflush_r
 .text._fflush_r
                0x0000000010007aa8       0x54 /opt/gcc-arm-none-eabi-6-2017-q2-update/bin/../lib/gcc/arm-none-eabi/6.3.1/../../../../arm-none-eabi/lib/thumb/v6-m/libc.a(lib_a-fflush.o)
                0x0000000010007aa8                _fflush_r
 .text._cleanup_r
                0x0000000010007afc       0x10 /opt/gcc-arm-none-eabi-6-2017-q2-update/bin/../lib/gcc/arm-none-eabi/6.3.1/../../../../arm-none-eabi/lib/thumb/v6-m/libc.a(lib_a-findfp.o)
                0x0000000010007afc                _cleanup_r
 .text.std.isra.0
                0x0000000010007b0c       0x50 /opt/gcc-arm-none-eabi-6-2017-q2-update/bin/../lib/gcc/arm-none-eabi/6.3.1/../../../../arm-none-eabi/lib/thumb/v6-m/libc.a(lib_a-findfp.o)
 .text.__sinit  0x0000000010007b5c       0x60 /opt/gcc-arm-none-eabi-6-2017-q2-update/bin/../lib/gcc/arm-none-eabi/6.3.1/../../../../arm-none-eabi/lib/thumb/v6-m/libc.a(lib_a-findfp.o)
                0x0000000010007b5c                __sinit
 .text.__sfp_lock_acquire
                0x0000000010007bbc       0x10 /opt/gcc-arm-none-eabi-6-2017-q2-update/bin/../lib/gcc/arm-none-eabi/6.3.1/../../../../arm-none-eabi/lib/thumb/v6-m/libc.a(lib_a-findfp.o)
                0x0000000010007bbc                __sfp_lock_acquire
 .text.__sfp_lock_release
                0x0000000010007bcc       0x10 /opt/gcc-arm-none-eabi-6-2017-q2-update/bin/../lib/gcc/arm-none-eabi/6.3.1/../../../../arm-none-eabi/lib/thumb/v6-m/libc.a(lib_a-findfp.o)
                0x0000000010007bcc                __sfp_lock_release
 .text._malloc_trim_r
                0x0000000010007bdc       0xa0 /opt/gcc-arm-none-eabi-6-2017-q2-update/bin/../lib/gcc/arm-none-eabi/6.3.1/../../../../arm-none-eabi/lib/thumb/v6-m/libc.a(lib_a-freer.o)
                0x0000000010007bdc                _malloc_trim_r
 .text._free_r  0x0000000010007c7c      0x1bc /opt/gcc-arm-none-eabi-6-2017-q2-update/bin/../lib/gcc/arm-none-eabi/6.3.1/../../../../arm-none-eabi/lib/thumb/v6-m/libc.a(lib_a-freer.o)
                0x0000000010007c7c                _free_r
 .text._fwalk_reent
                0x0000000010007e38       0x4c /opt/gcc-arm-none-eabi-6-2017-q2-update/bin/../lib/gcc/arm-none-eabi/6.3.1/../../../../arm-none-eabi/lib/thumb/v6-m/libc.a(lib_a-fwalk.o)
                0x0000000010007e38                _fwalk_reent
 .text.__retarget_lock_init_recursive
                0x0000000010007e84        0x4 /opt/gcc-arm-none-eabi-6-2017-q2-update/bin/../lib/gcc/arm-none-eabi/6.3.1/../../../../arm-none-eabi/lib/thumb/v6-m/libc.a(lib_a-lock.o)
                0x0000000010007e84                __retarget_lock_init_recursive
 .text.__retarget_lock_close_recursive
                0x0000000010007e88        0x4 /opt/gcc-arm-none-eabi-6-2017-q2-update/bin/../lib/gcc/arm-none-eabi/6.3.1/../../../../arm-none-eabi/lib/thumb/v6-m/libc.a(lib_a-lock.o)
                0x0000000010007e88                __retarget_lock_close_recursive
 .text.__retarget_lock_acquire_recursive
                0x0000000010007e8c        0x4 /opt/gcc-arm-none-eabi-6-2017-q2-update/bin/../lib/gcc/arm-none-eabi/6.3.1/../../../../arm-none-eabi/lib/thumb/v6-m/libc.a(lib_a-lock.o)
                0x0000000010007e8c                __retarget_lock_acquire_recursive
 .text.__retarget_lock_release_recursive
                0x0000000010007e90        0x4 /opt/gcc-arm-none-eabi-6-2017-q2-update/bin/../lib/gcc/arm-none-eabi/6.3.1/../../../../arm-none-eabi/lib/thumb/v6-m/libc.a(lib_a-lock.o)
                0x0000000010007e90                __retarget_lock_release_recursive
 .text.__swhatbuf_r
                0x0000000010007e94       0x60 /opt/gcc-arm-none-eabi-6-2017-q2-update/bin/../lib/gcc/arm-none-eabi/6.3.1/../../../../arm-none-eabi/lib/thumb/v6-m/libc.a(lib_a-makebuf.o)
                0x0000000010007e94                __swhatbuf_r
 .text.__smakebuf_r
                0x0000000010007ef4       0x90 /opt/gcc-arm-none-eabi-6-2017-q2-update/bin/../lib/gcc/arm-none-eabi/6.3.1/../../../../arm-none-eabi/lib/thumb/v6-m/libc.a(lib_a-makebuf.o)
                0x0000000010007ef4                __smakebuf_r
 .text.__sread  0x0000000010007f84       0x28 /opt/gcc-arm-none-eabi-6-2017-q2-update/bin/../lib/gcc/arm-none-eabi/6.3.1/../../../../arm-none-eabi/lib/thumb/v6-m/libc.a(lib_a-stdio.o)
                0x0000000010007f84                __sread
 .text.__swrite
                0x0000000010007fac       0x3c /opt/gcc-arm-none-eabi-6-2017-q2-update/bin/../lib/gcc/arm-none-eabi/6.3.1/../../../../arm-none-eabi/lib/thumb/v6-m/libc.a(lib_a-stdio.o)
                0x0000000010007fac                __swrite
 .text.__sseek  0x0000000010007fe8       0x2c /opt/gcc-arm-none-eabi-6-2017-q2-update/bin/../lib/gcc/arm-none-eabi/6.3.1/../../../../arm-none-eabi/lib/thumb/v6-m/libc.a(lib_a-stdio.o)
                0x0000000010007fe8                __sseek
 .text.__sclose
                0x0000000010008014        0xc /opt/gcc-arm-none-eabi-6-2017-q2-update/bin/../lib/gcc/arm-none-eabi/6.3.1/../../../../arm-none-eabi/lib/thumb/v6-m/libc.a(lib_a-stdio.o)
                0x0000000010008014                __sclose
 .text._write_r
                0x0000000010008020       0x28 /opt/gcc-arm-none-eabi-6-2017-q2-update/bin/../lib/gcc/arm-none-eabi/6.3.1/../../../../arm-none-eabi/lib/thumb/v6-m/libc.a(lib_a-writer.o)
                0x0000000010008020                _write_r
 .text._close_r
                0x0000000010008048       0x24 /opt/gcc-arm-none-eabi-6-2017-q2-update/bin/../lib/gcc/arm-none-eabi/6.3.1/../../../../arm-none-eabi/lib/thumb/v6-m/libc.a(lib_a-closer.o)
                0x0000000010008048                _close_r
 .text._fclose_r
                0x000000001000806c       0xcc /opt/gcc-arm-none-eabi-6-2017-q2-update/bin/../lib/gcc/arm-none-eabi/6.3.1/../../../../arm-none-eabi/lib/thumb/v6-m/libc.a(lib_a-fclose.o)
                0x000000001000806c                _fclose_r
 .text._fstat_r
                0x0000000010008138       0x28 /opt/gcc-arm-none-eabi-6-2017-q2-update/bin/../lib/gcc/arm-none-eabi/6.3.1/../../../../arm-none-eabi/lib/thumb/v6-m/libc.a(lib_a-fstatr.o)
                0x0000000010008138                _fstat_r
 .text._isatty_r
                0x0000000010008160       0x24 /opt/gcc-arm-none-eabi-6-2017-q2-update/bin/../lib/gcc/arm-none-eabi/6.3.1/../../../../arm-none-eabi/lib/thumb/v6-m/libc.a(lib_a-isattyr.o)
                0x0000000010008160                _isatty_r
 .text._lseek_r
                0x0000000010008184       0x28 /opt/gcc-arm-none-eabi-6-2017-q2-update/bin/../lib/gcc/arm-none-eabi/6.3.1/../../../../arm-none-eabi/lib/thumb/v6-m/libc.a(lib_a-lseekr.o)
                0x0000000010008184                _lseek_r
 .text._read_r  0x00000000100081ac       0x28 /opt/gcc-arm-none-eabi-6-2017-q2-update/bin/../lib/gcc/arm-none-eabi/6.3.1/../../../../arm-none-eabi/lib/thumb/v6-m/libc.a(lib_a-readr.o)
                0x00000000100081ac                _read_r
 .text._close   0x00000000100081d4       0x10 /opt/gcc-arm-none-eabi-6-2017-q2-update/bin/../lib/gcc/arm-none-eabi/6.3.1/../../../../arm-none-eabi/lib/thumb/v6-m/libnosys.a(close.o)
                0x00000000100081d4                _close
 .text._fstat   0x00000000100081e4       0x10 /opt/gcc-arm-none-eabi-6-2017-q2-update/bin/../lib/gcc/arm-none-eabi/6.3.1/../../../../arm-none-eabi/lib/thumb/v6-m/libnosys.a(fstat.o)
                0x00000000100081e4                _fstat
 .text._isatty  0x00000000100081f4       0x10 /opt/gcc-arm-none-eabi-6-2017-q2-update/bin/../lib/gcc/arm-none-eabi/6.3.1/../../../../arm-none-eabi/lib/thumb/v6-m/libnosys.a(isatty.o)
                0x00000000100081f4                _isatty
 .text._lseek   0x0000000010008204       0x10 /opt/gcc-arm-none-eabi-6-2017-q2-update/bin/../lib/gcc/arm-none-eabi/6.3.1/../../../../arm-none-eabi/lib/thumb/v6-m/libnosys.a(lseek.o)
                0x0000000010008204                _lseek
 *(.fini)
 .fini          0x0000000010008214        0x4 /opt/gcc-arm-none-eabi-6-2017-q2-update/bin/../lib/gcc/arm-none-eabi/6.3.1/thumb/v6-m/crti.o
                0x0000000010008214                _fini
 .fini.__stub   0x0000000010008218       0x60 linker stubs
 *crtbegin.o(.ctors)
 *crtbegin?.o(.ctors)
 *(EXCLUDE_FILE(*crtend.o *crtend?.o) .ctors)
 *(SORT(.ctors.*))
 *(.ctors)
 *crtbegin.o(.dtors)
 *crtbegin?.o(.dtors)
 *(EXCLUDE_FILE(*crtend.o *crtend?.o) .dtors)
 *(SORT(.dtors.*))
 *(.dtors)
 *(.eh_frame*)
 .eh_frame      0x0000000010008278        0x0 /opt/gcc-arm-none-eabi-6-2017-q2-update/bin/../lib/gcc/arm-none-eabi/6.3.1/thumb/v6-m/crtbegin.o
                0x0000000010008278                . = ALIGN (0x4)

.glue_7         0x0000000010008278        0x0
 .glue_7        0x0000000010008278        0x0 linker stubs

.glue_7t        0x0000000010008278        0x0
 .glue_7t       0x0000000010008278        0x0 linker stubs

.vfp11_veneer   0x0000000010008278        0x0
 .vfp11_veneer  0x0000000010008278        0x0 linker stubs

.v4_bx          0x0000000010008278        0x0
 .v4_bx         0x0000000010008278        0x0 linker stubs

.iplt           0x0000000010008278        0x0
 .iplt          0x0000000010008278        0x0 /opt/gcc-arm-none-eabi-6-2017-q2-update/bin/../lib/gcc/arm-none-eabi/6.3.1/thumb/v6-m/crtbegin.o

.rodata         0x0000000010008278      0x5d8
 *(EXCLUDE_FILE(*libm.a: *libc.a:*lib_a-mem*.o *libgcc.a:) .rodata*)
 .rodata.main.str1.4
                0x0000000010008278       0x80 CMakeFiles/mpu6050_i2c.dir/mpu6050_i2c.c.obj
 .rodata.spin_lock_claim_unused.str1.4
                0x00000000100082f8       0x1b CMakeFiles/mpu6050_i2c.dir/home/louati/pico/pico/pico-sdk/src/rp2_common/hardware_sync/sync.c.obj
 *fill*         0x0000000010008313        0x5 
 .rodata.at_the_end_of_time
                0x0000000010008318        0x8 CMakeFiles/mpu6050_i2c.dir/home/louati/pico/pico/pico-sdk/src/common/pico_time/time.c.obj
                0x0000000010008318                at_the_end_of_time
 .rodata.hardware_alarm_claim.str1.4
                0x0000000010008320       0x22 CMakeFiles/mpu6050_i2c.dir/home/louati/pico/pico/pico-sdk/src/rp2_common/hardware_timer/timer.c.obj
 *fill*         0x0000000010008342        0x2 
 .rodata.hard_assertion_failure.str1.4
                0x0000000010008344        0xc CMakeFiles/mpu6050_i2c.dir/home/louati/pico/pico/pico-sdk/src/rp2_common/pico_runtime/runtime.c.obj
 .rodata.panic.str1.4
                0x0000000010008350       0x10 CMakeFiles/mpu6050_i2c.dir/home/louati/pico/pico/pico-sdk/src/rp2_common/pico_runtime/runtime.c.obj
                                         0x12 (size before relaxing)
 .rodata._vsnprintf
                0x0000000010008360      0x1e0 CMakeFiles/mpu6050_i2c.dir/home/louati/pico/pico/pico-sdk/src/rp2_common/pico_printf/printf.c.obj
 .rodata._ftoa.str1.4
                0x0000000010008540       0x15 CMakeFiles/mpu6050_i2c.dir/home/louati/pico/pico/pico-sdk/src/rp2_common/pico_printf/printf.c.obj
 *fill*         0x0000000010008555        0x3 
 .rodata.pow10.5367
                0x0000000010008558       0x50 CMakeFiles/mpu6050_i2c.dir/home/louati/pico/pico/pico-sdk/src/rp2_common/pico_printf/printf.c.obj
 .rodata.__bi_40
                0x00000000100085a8        0xc CMakeFiles/mpu6050_i2c.dir/home/louati/pico/pico/pico-sdk/src/rp2_common/pico_standard_link/binary_info.c.obj
 .rodata.__bi_71
                0x00000000100085b4        0xc CMakeFiles/mpu6050_i2c.dir/home/louati/pico/pico/pico-sdk/src/rp2_common/pico_standard_link/binary_info.c.obj
 .rodata.str1.4
                0x00000000100085c0       0x30 CMakeFiles/mpu6050_i2c.dir/home/louati/pico/pico/pico-sdk/src/rp2_common/pico_standard_link/binary_info.c.obj
 .rodata.crlf_str.5880
                0x00000000100085f0        0x2 CMakeFiles/mpu6050_i2c.dir/home/louati/pico/pico/pico-sdk/src/rp2_common/pico_stdio/stdio.c.obj
 *fill*         0x00000000100085f2        0x2 
 .rodata.__bi_27.4659
                0x00000000100085f4        0xc CMakeFiles/mpu6050_i2c.dir/home/louati/pico/pico/pico-sdk/src/rp2_common/pico_stdio_uart/stdio_uart.c.obj
 .rodata.__bi_28.4663
                0x0000000010008600        0x8 CMakeFiles/mpu6050_i2c.dir/home/louati/pico/pico/pico-sdk/src/rp2_common/pico_stdio_uart/stdio_uart.c.obj
 .rodata.str1.4
                0x0000000010008608       0x2c CMakeFiles/mpu6050_i2c.dir/home/louati/pico/pico/pico-sdk/src/rp2_common/pico_stdio_uart/stdio_uart.c.obj
 .rodata.__bi_93.6902
                0x0000000010008634        0xc CMakeFiles/mpu6050_i2c.dir/home/louati/pico/pico/pico-sdk/src/rp2_common/pico_stdio_usb/stdio_usb.c.obj
 .rodata.str1.4
                0x0000000010008640       0x13 CMakeFiles/mpu6050_i2c.dir/home/louati/pico/pico/pico-sdk/src/rp2_common/pico_stdio_usb/stdio_usb.c.obj
 *fill*         0x0000000010008653        0x1 
 .rodata.str1.4
                0x0000000010008654       0x32 CMakeFiles/mpu6050_i2c.dir/home/louati/pico/pico/pico-sdk/src/rp2_common/pico_stdio_usb/stdio_usb_descriptors.c.obj
 *fill*         0x0000000010008686        0x2 
 .rodata.usbd_desc_cfg
                0x0000000010008688       0x4b CMakeFiles/mpu6050_i2c.dir/home/louati/pico/pico/pico-sdk/src/rp2_common/pico_stdio_usb/stdio_usb_descriptors.c.obj
 *fill*         0x00000000100086d3        0x1 
 .rodata.usbd_desc_device
                0x00000000100086d4       0x12 CMakeFiles/mpu6050_i2c.dir/home/louati/pico/pico/pico-sdk/src/rp2_common/pico_stdio_usb/stdio_usb_descriptors.c.obj
 *fill*         0x00000000100086e6        0x2 
 .rodata.usbd_desc_str
                0x00000000100086e8       0x14 CMakeFiles/mpu6050_i2c.dir/home/louati/pico/pico/pico-sdk/src/rp2_common/pico_stdio_usb/stdio_usb_descriptors.c.obj
 .rodata.dcd_edpt_open.str1.4
                0x00000000100086fc       0x28 CMakeFiles/mpu6050_i2c.dir/home/louati/pico/pico/pico-sdk/lib/tinyusb/src/portable/raspberrypi/rp2040/dcd_rp2040.c.obj
 .rodata.dcd_rp2040_irq.str1.4
                0x0000000010008724       0x14 CMakeFiles/mpu6050_i2c.dir/home/louati/pico/pico/pico-sdk/lib/tinyusb/src/portable/raspberrypi/rp2040/dcd_rp2040.c.obj
 .rodata._hw_endpoint_buffer_control_update32.str1.4
                0x0000000010008738       0x1f CMakeFiles/mpu6050_i2c.dir/home/louati/pico/pico/pico-sdk/lib/tinyusb/src/portable/raspberrypi/rp2040/rp2040_usb.c.obj
 *fill*         0x0000000010008757        0x1 
 .rodata._hw_endpoint_xfer_continue.str1.4
                0x0000000010008758       0x50 CMakeFiles/mpu6050_i2c.dir/home/louati/pico/pico/pico-sdk/lib/tinyusb/src/portable/raspberrypi/rp2040/rp2040_usb.c.obj
 .rodata.str1.4
                0x00000000100087a8       0x50 CMakeFiles/mpu6050_i2c.dir/home/louati/pico/pico/pico-sdk/lib/tinyusb/src/portable/raspberrypi/rp2040/rp2040_usb.c.obj
                                          0x7 (size before relaxing)
 .rodata.tud_task
                0x00000000100087a8       0x8c CMakeFiles/mpu6050_i2c.dir/home/louati/pico/pico/pico-sdk/lib/tinyusb/src/device/usbd.c.obj
 .rodata._usbd_driver
                0x0000000010008834       0x1c CMakeFiles/mpu6050_i2c.dir/home/louati/pico/pico/pico-sdk/lib/tinyusb/src/device/usbd.c.obj
                0x0000000010008850                . = ALIGN (0x4)
 *(SORT(.flashdata*))
                0x0000000010008850                . = ALIGN (0x4)

.rel.dyn        0x0000000010008850        0x0
 .rel.iplt      0x0000000010008850        0x0 /opt/gcc-arm-none-eabi-6-2017-q2-update/bin/../lib/gcc/arm-none-eabi/6.3.1/thumb/v6-m/crtbegin.o

.ARM.extab
 *(.ARM.extab* .gnu.linkonce.armextab.*)
                0x0000000010008850                __exidx_start = .

.ARM.exidx
 *(.ARM.exidx* .gnu.linkonce.armexidx.*)
                0x0000000010008850                __exidx_end = .
                0x0000000010008850                . = ALIGN (0x4)
                0x0000000010008850                __binary_info_start = .

.binary_info    0x0000000010008850       0x24
 *(.binary_info.keep.*)
 .binary_info.keep.__bi_ptr18
                0x0000000010008850        0x4 CMakeFiles/mpu6050_i2c.dir/home/louati/pico/pico/pico-sdk/src/rp2_common/pico_standard_link/binary_info.c.obj
 .binary_info.keep.__bi_ptr26
                0x0000000010008854        0x4 CMakeFiles/mpu6050_i2c.dir/home/louati/pico/pico/pico-sdk/src/rp2_common/pico_standard_link/binary_info.c.obj
 .binary_info.keep.__bi_ptr34
                0x0000000010008858        0x4 CMakeFiles/mpu6050_i2c.dir/home/louati/pico/pico/pico-sdk/src/rp2_common/pico_standard_link/binary_info.c.obj
 .binary_info.keep.__bi_ptr40
                0x000000001000885c        0x4 CMakeFiles/mpu6050_i2c.dir/home/louati/pico/pico/pico-sdk/src/rp2_common/pico_standard_link/binary_info.c.obj
 .binary_info.keep.__bi_ptr46
                0x0000000010008860        0x4 CMakeFiles/mpu6050_i2c.dir/home/louati/pico/pico/pico-sdk/src/rp2_common/pico_standard_link/binary_info.c.obj
 .binary_info.keep.__bi_ptr71
                0x0000000010008864        0x4 CMakeFiles/mpu6050_i2c.dir/home/louati/pico/pico/pico-sdk/src/rp2_common/pico_standard_link/binary_info.c.obj
 *(.binary_info.*)
 .binary_info.__bi_ptr27
                0x0000000010008868        0x4 CMakeFiles/mpu6050_i2c.dir/home/louati/pico/pico/pico-sdk/src/rp2_common/pico_stdio_uart/stdio_uart.c.obj
 .binary_info.__bi_ptr28
                0x000000001000886c        0x4 CMakeFiles/mpu6050_i2c.dir/home/louati/pico/pico/pico-sdk/src/rp2_common/pico_stdio_uart/stdio_uart.c.obj
 .binary_info.__bi_ptr93
                0x0000000010008870        0x4 CMakeFiles/mpu6050_i2c.dir/home/louati/pico/pico/pico-sdk/src/rp2_common/pico_stdio_usb/stdio_usb.c.obj
                0x0000000010008874                __binary_info_end = .
                0x0000000010008874                . = ALIGN (0x4)
                0x0000000010008874                __etext = .

.ram_vector_table
                0x0000000020000000       0xc0
 *(.ram_vector_table)
 .ram_vector_table
                0x0000000020000000       0xc0 CMakeFiles/mpu6050_i2c.dir/home/louati/pico/pico/pico-sdk/src/rp2_common/pico_runtime/runtime.c.obj
                0x0000000020000000                ram_vector_table

.data           0x00000000200000c0      0xaa4 load address 0x0000000010008874
                0x00000000200000c0                __data_start__ = .
 *(vtable)
 *(.time_critical*)
 .time_critical.mutex_enter_blocking
                0x00000000200000c0       0x48 CMakeFiles/mpu6050_i2c.dir/home/louati/pico/pico/pico-sdk/src/common/pico_sync/mutex.c.obj
                0x00000000200000c0                mutex_enter_blocking
 .time_critical.mutex_try_enter
                0x0000000020000108       0x44 CMakeFiles/mpu6050_i2c.dir/home/louati/pico/pico/pico-sdk/src/common/pico_sync/mutex.c.obj
                0x0000000020000108                mutex_try_enter
 .time_critical.mutex_enter_timeout_ms
                0x000000002000014c       0x94 CMakeFiles/mpu6050_i2c.dir/home/louati/pico/pico/pico-sdk/src/common/pico_sync/mutex.c.obj
                0x000000002000014c                mutex_enter_timeout_ms
 .time_critical.mutex_exit
                0x00000000200001e0       0x28 CMakeFiles/mpu6050_i2c.dir/home/louati/pico/pico/pico-sdk/src/common/pico_sync/mutex.c.obj
                0x00000000200001e0                mutex_exit
 *(.text*)
 .text          0x0000000020000208        0x4 /opt/gcc-arm-none-eabi-6-2017-q2-update/bin/../lib/gcc/arm-none-eabi/6.3.1/thumb/v6-m/libgcc.a(_dvmd_tls.o)
                0x0000000020000208                __aeabi_ldiv0
                0x0000000020000208                __aeabi_idiv0
 *fill*         0x000000002000020c        0x4 
 .text.__stub   0x0000000020000210       0x30 linker stubs
                0x0000000020000240                . = ALIGN (0x4)
 *(.rodata*)
                0x0000000020000240                . = ALIGN (0x4)
 *(.data*)
 .data.striped_spin_lock_num
                0x0000000020000240        0x1 CMakeFiles/mpu6050_i2c.dir/home/louati/pico/pico/pico-sdk/src/rp2_common/hardware_sync/sync.c.obj
 *fill*         0x0000000020000241        0x3 
 .data          0x0000000020000244       0x48 CMakeFiles/mpu6050_i2c.dir/home/louati/pico/pico/pico-sdk/src/rp2_common/hardware_irq/irq_handler_chain.S.obj
                0x0000000020000244                irq_handler_chain_slots
                0x0000000020000274                irq_handler_chain_first_slot
                0x000000002000027e                irq_handler_chain_remove_tail
 *fill*         0x000000002000028c        0x4 
 .data.aeabi_bits_funcs
                0x0000000020000290       0x10 CMakeFiles/mpu6050_i2c.dir/home/louati/pico/pico/pico-sdk/src/rp2_common/pico_bit_ops/bit_ops_aeabi.S.obj
                0x0000000020000290                aeabi_bits_funcs
                0x00000000200002a0                aeabi_bits_funcs_end
 .data.aeabi_mem_funcs
                0x00000000200002a0       0x10 CMakeFiles/mpu6050_i2c.dir/home/louati/pico/pico/pico-sdk/src/rp2_common/pico_mem_ops/mem_ops_aeabi.S.obj
                0x00000000200002a0                aeabi_mem_funcs
                0x00000000200002b0                aeabi_mem_funcs_end
 .data.stdio_uart
                0x00000000200002b0       0x14 CMakeFiles/mpu6050_i2c.dir/home/louati/pico/pico/pico-sdk/src/rp2_common/pico_stdio_uart/stdio_uart.c.obj
                0x00000000200002b0                stdio_uart
 .data.stdio_usb
                0x00000000200002c4       0x14 CMakeFiles/mpu6050_i2c.dir/home/louati/pico/pico/pico-sdk/src/rp2_common/pico_stdio_usb/stdio_usb.c.obj
                0x00000000200002c4                stdio_usb
 .data.ep_dir_string
                0x00000000200002d8        0x8 CMakeFiles/mpu6050_i2c.dir/home/louati/pico/pico/pico-sdk/lib/tinyusb/src/portable/raspberrypi/rp2040/rp2040_usb.c.obj
                0x00000000200002d8                ep_dir_string
 .data._usbd_qdef
                0x00000000200002e0       0x20 CMakeFiles/mpu6050_i2c.dir/home/louati/pico/pico/pico-sdk/lib/tinyusb/src/device/usbd.c.obj
                0x00000000200002e0                _usbd_qdef
 .data.i2c0_inst
                0x0000000020000300        0x8 CMakeFiles/mpu6050_i2c.dir/home/louati/pico/pico/pico-sdk/src/rp2_common/hardware_i2c/i2c.c.obj
                0x0000000020000300                i2c0_inst
 .data._impure_ptr
                0x0000000020000308        0x4 /opt/gcc-arm-none-eabi-6-2017-q2-update/bin/../lib/gcc/arm-none-eabi/6.3.1/../../../../arm-none-eabi/lib/thumb/v6-m/libc.a(lib_a-impure.o)
                0x0000000020000308                _impure_ptr
 *fill*         0x000000002000030c        0x4 
 .data.impure_data
                0x0000000020000310      0x428 /opt/gcc-arm-none-eabi-6-2017-q2-update/bin/../lib/gcc/arm-none-eabi/6.3.1/../../../../arm-none-eabi/lib/thumb/v6-m/libc.a(lib_a-impure.o)
 .data.__malloc_av_
                0x0000000020000738      0x408 /opt/gcc-arm-none-eabi-6-2017-q2-update/bin/../lib/gcc/arm-none-eabi/6.3.1/../../../../arm-none-eabi/lib/thumb/v6-m/libc.a(lib_a-mallocr.o)
                0x0000000020000738                __malloc_av_
 .data.__malloc_sbrk_base
                0x0000000020000b40        0x4 /opt/gcc-arm-none-eabi-6-2017-q2-update/bin/../lib/gcc/arm-none-eabi/6.3.1/../../../../arm-none-eabi/lib/thumb/v6-m/libc.a(lib_a-mallocr.o)
                0x0000000020000b40                __malloc_sbrk_base
 .data.__malloc_trim_threshold
                0x0000000020000b44        0x4 /opt/gcc-arm-none-eabi-6-2017-q2-update/bin/../lib/gcc/arm-none-eabi/6.3.1/../../../../arm-none-eabi/lib/thumb/v6-m/libc.a(lib_a-mallocr.o)
                0x0000000020000b44                __malloc_trim_threshold
                0x0000000020000b48                . = ALIGN (0x4)
 *(.after_data.*)
                0x0000000020000b48                . = ALIGN (0x4)
                0x0000000020000b48                PROVIDE (__mutex_array_start, .)
 *(SORT(.mutex_array.*))
 *(.mutex_array)
 .mutex_array   0x0000000020000b48        0x8 CMakeFiles/mpu6050_i2c.dir/home/louati/pico/pico/pico-sdk/src/rp2_common/pico_stdio/stdio.c.obj
                0x0000000020000b50                PROVIDE (__mutex_array_end, .)
                0x0000000020000b50                . = ALIGN (0x4)
                0x0000000020000b50                PROVIDE (__preinit_array_start, .)
 *(SORT(.preinit_array.*))
 .preinit_array.00001
                0x0000000020000b50        0x4 CMakeFiles/mpu6050_i2c.dir/home/louati/pico/pico/pico-sdk/src/rp2_common/pico_mem_ops/mem_ops_aeabi.S.obj
 .preinit_array.00010
                0x0000000020000b54        0x4 CMakeFiles/mpu6050_i2c.dir/home/louati/pico/pico/pico-sdk/src/rp2_common/pico_bit_ops/bit_ops_aeabi.S.obj
 .preinit_array.00020
                0x0000000020000b58        0x4 CMakeFiles/mpu6050_i2c.dir/home/louati/pico/pico/pico-sdk/src/rp2_common/pico_double/double_aeabi.S.obj
 .preinit_array.00020
                0x0000000020000b5c        0x4 CMakeFiles/mpu6050_i2c.dir/home/louati/pico/pico/pico-sdk/src/rp2_common/pico_float/float_aeabi.S.obj
 *(.preinit_array)
                0x0000000020000b60                PROVIDE (__preinit_array_end, .)
                0x0000000020000b60                . = ALIGN (0x4)
                0x0000000020000b60                PROVIDE (__init_array_start, .)
 *(SORT(.init_array.*))
 *(.init_array)
 .init_array    0x0000000020000b60        0x4 /opt/gcc-arm-none-eabi-6-2017-q2-update/bin/../lib/gcc/arm-none-eabi/6.3.1/thumb/v6-m/crtbegin.o
                0x0000000020000b64                PROVIDE (__init_array_end, .)
                0x0000000020000b64                . = ALIGN (0x4)
                [!provide]                        PROVIDE (__fini_array_start, .)
 *(SORT(.fini_array.*))
 *(.fini_array)
                [!provide]                        PROVIDE (__fini_array_end, .)
 *(.jcr)
 .jcr           0x0000000020000b64        0x0 /opt/gcc-arm-none-eabi-6-2017-q2-update/bin/../lib/gcc/arm-none-eabi/6.3.1/thumb/v6-m/crtbegin.o
                0x0000000020000b64                . = ALIGN (0x4)
                0x0000000020000b64                __data_end__ = .

.igot.plt       0x0000000020000b64        0x0 load address 0x0000000010009318
 .igot.plt      0x0000000020000b64        0x0 /opt/gcc-arm-none-eabi-6-2017-q2-update/bin/../lib/gcc/arm-none-eabi/6.3.1/thumb/v6-m/crtbegin.o

.uninitialized_data
                0x0000000020000b64        0x0 load address 0x0000000010009318
                0x0000000020000b64                . = ALIGN (0x4)
 *(.uninitialized_data*)

.scratch_x      0x0000000020040000        0x0 load address 0x0000000010009318
                0x0000000020040000                __scratch_x_start__ = .
 *(.scratch_x.*)
                0x0000000020040000                . = ALIGN (0x4)
                0x0000000020040000                __scratch_x_end__ = .
                0x0000000010009318                __scratch_x_source__ = LOADADDR (.scratch_x)

.scratch_y      0x0000000020041000        0x0 load address 0x0000000010009318
                0x0000000020041000                __scratch_y_start__ = .
 *(.scratch_y.*)
                0x0000000020041000                . = ALIGN (0x4)
                0x0000000020041000                __scratch_y_end__ = .
                0x0000000010009318                __scratch_y_source__ = LOADADDR (.scratch_y)

.bss            0x0000000020000b68      0xde4
                0x0000000020000b68                . = ALIGN (0x4)
                0x0000000020000b68                __bss_start__ = .
 *(SORT(.bss*))
 .bss.last_avail_time.6881
                0x0000000020000b68        0x8 CMakeFiles/mpu6050_i2c.dir/home/louati/pico/pico/pico-sdk/src/rp2_common/pico_stdio_usb/stdio_usb.c.obj
 .bss           0x0000000020000b70       0x1c /opt/gcc-arm-none-eabi-6-2017-q2-update/bin/../lib/gcc/arm-none-eabi/6.3.1/thumb/v6-m/crtbegin.o
 .bss.__malloc_current_mallinfo
                0x0000000020000b8c       0x28 /opt/gcc-arm-none-eabi-6-2017-q2-update/bin/../lib/gcc/arm-none-eabi/6.3.1/../../../../arm-none-eabi/lib/thumb/v6-m/libc.a(lib_a-mallocr.o)
                0x0000000020000b8c                __malloc_current_mallinfo
 .bss.__malloc_max_sbrked_mem
                0x0000000020000bb4        0x4 /opt/gcc-arm-none-eabi-6-2017-q2-update/bin/../lib/gcc/arm-none-eabi/6.3.1/../../../../arm-none-eabi/lib/thumb/v6-m/libc.a(lib_a-mallocr.o)
                0x0000000020000bb4                __malloc_max_sbrked_mem
 .bss.__malloc_max_total_mem
                0x0000000020000bb8        0x4 /opt/gcc-arm-none-eabi-6-2017-q2-update/bin/../lib/gcc/arm-none-eabi/6.3.1/../../../../arm-none-eabi/lib/thumb/v6-m/libc.a(lib_a-mallocr.o)
                0x0000000020000bb8                __malloc_max_total_mem
 .bss.__malloc_top_pad
                0x0000000020000bbc        0x4 /opt/gcc-arm-none-eabi-6-2017-q2-update/bin/../lib/gcc/arm-none-eabi/6.3.1/../../../../arm-none-eabi/lib/thumb/v6-m/libc.a(lib_a-mallocr.o)
                0x0000000020000bbc                __malloc_top_pad
 .bss._app_driver
                0x0000000020000bc0        0x4 CMakeFiles/mpu6050_i2c.dir/home/louati/pico/pico/pico-sdk/lib/tinyusb/src/device/usbd.c.obj
 .bss._cdcd_itf
                0x0000000020000bc4      0x2d0 CMakeFiles/mpu6050_i2c.dir/home/louati/pico/pico/pico-sdk/lib/tinyusb/src/class/cdc/cdc_device.c.obj
 .bss._ctrl_xfer
                0x0000000020000e94       0x14 CMakeFiles/mpu6050_i2c.dir/home/louati/pico/pico/pico-sdk/lib/tinyusb/src/device/usbd_control.c.obj
 .bss._ubsd_mutexdef
                0x0000000020000ea8        0x8 CMakeFiles/mpu6050_i2c.dir/home/louati/pico/pico/pico-sdk/lib/tinyusb/src/device/usbd.c.obj
 .bss._usbd_ctrl_buf
                0x0000000020000eb0       0x40 CMakeFiles/mpu6050_i2c.dir/home/louati/pico/pico/pico-sdk/lib/tinyusb/src/device/usbd_control.c.obj
 .bss._usbd_dev
                0x0000000020000ef0       0x37 CMakeFiles/mpu6050_i2c.dir/home/louati/pico/pico/pico-sdk/lib/tinyusb/src/device/usbd.c.obj
 *fill*         0x0000000020000f27        0x1 
 .bss._usbd_mutex
                0x0000000020000f28        0x4 CMakeFiles/mpu6050_i2c.dir/home/louati/pico/pico/pico-sdk/lib/tinyusb/src/device/usbd.c.obj
 .bss._usbd_q   0x0000000020000f2c        0x4 CMakeFiles/mpu6050_i2c.dir/home/louati/pico/pico/pico-sdk/lib/tinyusb/src/device/usbd.c.obj
 .bss.alarm_callbacks
                0x0000000020000f30       0x10 CMakeFiles/mpu6050_i2c.dir/home/louati/pico/pico/pico-sdk/src/rp2_common/hardware_timer/timer.c.obj
 .bss.claimed   0x0000000020000f40        0x4 CMakeFiles/mpu6050_i2c.dir/home/louati/pico/pico/pico-sdk/src/rp2_common/hardware_sync/sync.c.obj
 .bss.configured_freq
                0x0000000020000f44       0x28 CMakeFiles/mpu6050_i2c.dir/home/louati/pico/pico/pico-sdk/src/rp2_common/hardware_clocks/clocks.c.obj
 .bss.default_alarm_pool
                0x0000000020000f6c        0x4 CMakeFiles/mpu6050_i2c.dir/home/louati/pico/pico/pico-sdk/src/common/pico_time/time.c.obj
 .bss.desc_str.6764
                0x0000000020000f70       0x28 CMakeFiles/mpu6050_i2c.dir/home/louati/pico/pico/pico-sdk/src/rp2_common/pico_stdio_usb/stdio_usb_descriptors.c.obj
 .bss.drivers   0x0000000020000f98        0x4 CMakeFiles/mpu6050_i2c.dir/home/louati/pico/pico/pico-sdk/src/rp2_common/pico_stdio/stdio.c.obj
 .bss.filter    0x0000000020000f9c        0x4 CMakeFiles/mpu6050_i2c.dir/home/louati/pico/pico/pico-sdk/src/rp2_common/pico_stdio/stdio.c.obj
 .bss.heap_end.5704
                0x0000000020000fa0        0x4 CMakeFiles/mpu6050_i2c.dir/home/louati/pico/pico/pico-sdk/src/rp2_common/pico_runtime/runtime.c.obj
 .bss.hw_endpoints
                0x0000000020000fa4      0x680 CMakeFiles/mpu6050_i2c.dir/home/louati/pico/pico/pico-sdk/lib/tinyusb/src/portable/raspberrypi/rp2040/dcd_rp2040.c.obj
 .bss.lazy_vsnprintf
                0x0000000020001624        0x4 CMakeFiles/mpu6050_i2c.dir/home/louati/pico/pico/pico-sdk/src/rp2_common/pico_printf/printf.c.obj
 .bss.next_buffer_ptr
                0x0000000020001628        0x4 CMakeFiles/mpu6050_i2c.dir/home/louati/pico/pico/pico-sdk/lib/tinyusb/src/portable/raspberrypi/rp2040/dcd_rp2040.c.obj
 .bss.pools     0x000000002000162c       0x10 CMakeFiles/mpu6050_i2c.dir/home/louati/pico/pico/pico-sdk/src/common/pico_time/time.c.obj
 .bss.stdio_usb_mutex
                0x000000002000163c        0x8 CMakeFiles/mpu6050_i2c.dir/home/louati/pico/pico/pico-sdk/src/rp2_common/pico_stdio_usb/stdio_usb.c.obj
 .bss.target_hi
                0x0000000020001644       0x10 CMakeFiles/mpu6050_i2c.dir/home/louati/pico/pico/pico-sdk/src/rp2_common/hardware_timer/timer.c.obj
 .bss._app_driver_count
                0x0000000020001654        0x1 CMakeFiles/mpu6050_i2c.dir/home/louati/pico/pico/pico-sdk/lib/tinyusb/src/device/usbd.c.obj
 .bss._initialized
                0x0000000020001655        0x1 CMakeFiles/mpu6050_i2c.dir/home/louati/pico/pico/pico-sdk/lib/tinyusb/src/tusb.c.obj
 .bss.assigned_address
                0x0000000020001656        0x1 CMakeFiles/mpu6050_i2c.dir/home/louati/pico/pico/pico-sdk/lib/tinyusb/src/portable/raspberrypi/rp2040/dcd_rp2040.c.obj
 .bss.claimed   0x0000000020001657        0x1 CMakeFiles/mpu6050_i2c.dir/home/louati/pico/pico/pico-sdk/src/rp2_common/hardware_timer/timer.c.obj
 .bss.irq_hander_chain_free_slot_head
                0x0000000020001658        0x1 CMakeFiles/mpu6050_i2c.dir/home/louati/pico/pico/pico-sdk/src/rp2_common/hardware_irq/irq.c.obj
 .bss.timer_callbacks_pending
                0x0000000020001659        0x1 CMakeFiles/mpu6050_i2c.dir/home/louati/pico/pico/pico-sdk/src/rp2_common/hardware_timer/timer.c.obj
 *(COMMON)
 *fill*         0x000000002000165a        0x2 
 COMMON         0x000000002000165c        0x4 CMakeFiles/mpu6050_i2c.dir/home/louati/pico/pico/pico-sdk/src/rp2_common/hardware_uart/uart.c.obj
                0x000000002000165c                uart_char_to_line_feed
 COMMON         0x0000000020001660      0x100 CMakeFiles/mpu6050_i2c.dir/home/louati/pico/pico/pico-sdk/src/rp2_common/pico_double/double_init_rom.c.obj
                0x0000000020001660                sd_table
 COMMON         0x0000000020001760      0x104 CMakeFiles/mpu6050_i2c.dir/home/louati/pico/pico/pico-sdk/src/rp2_common/pico_float/float_init_rom.c.obj
                0x0000000020001760                sf_table
                0x0000000020001860                sf_clz_func
 COMMON         0x0000000020001864       0xc0 CMakeFiles/mpu6050_i2c.dir/home/louati/pico/pico/pico-sdk/lib/tinyusb/src/device/usbd.c.obj
                0x0000000020001864                _usbd_qdef_buf
 COMMON         0x0000000020001924       0x21 /opt/gcc-arm-none-eabi-6-2017-q2-update/bin/../lib/gcc/arm-none-eabi/6.3.1/../../../../arm-none-eabi/lib/thumb/v6-m/libc.a(lib_a-lock.o)
                0x0000000020001924                __lock___atexit_recursive_mutex
                0x0000000020001928                __lock___arc4random_mutex
                0x000000002000192c                __lock___env_recursive_mutex
                0x0000000020001930                __lock___sinit_recursive_mutex
                0x0000000020001934                __lock___malloc_recursive_mutex
                0x0000000020001938                __lock___at_quick_exit_mutex
                0x000000002000193c                __lock___dd_hash_mutex
                0x0000000020001940                __lock___tz_mutex
                0x0000000020001944                __lock___sfp_recursive_mutex
 *fill*         0x0000000020001945        0x3 
 COMMON         0x0000000020001948        0x4 /opt/gcc-arm-none-eabi-6-2017-q2-update/bin/../lib/gcc/arm-none-eabi/6.3.1/../../../../arm-none-eabi/lib/thumb/v6-m/libc.a(lib_a-reent.o)
                0x0000000020001948                errno
                0x000000002000194c                . = ALIGN (0x4)
                0x000000002000194c                __bss_end__ = .

.heap           0x000000002000194c      0x800
                0x000000002000194c                __end__ = .
                0x000000002000194c                end = __end__
 *(.heap*)
 .heap          0x000000002000194c      0x800 CMakeFiles/mpu6050_i2c.dir/home/louati/pico/pico/pico-sdk/src/rp2_common/pico_standard_link/crt0.S.obj
                0x000000002000214c                __HeapLimit = .

.stack1_dummy   0x0000000020040000        0x0
 *(.stack1*)

.stack_dummy    0x0000000020041000      0x800
 *(.stack*)
 .stack         0x0000000020041000      0x800 CMakeFiles/mpu6050_i2c.dir/home/louati/pico/pico/pico-sdk/src/rp2_common/pico_standard_link/crt0.S.obj

.flash_end      0x0000000010009318        0x0
                0x0000000010009318                __flash_binary_end = .
                0x0000000020040000                __StackLimit = (ORIGIN (RAM) + LENGTH (RAM))
                0x0000000020041000                __StackOneTop = (ORIGIN (SCRATCH_X) + LENGTH (SCRATCH_X))
                0x0000000020042000                __StackTop = (ORIGIN (SCRATCH_Y) + LENGTH (SCRATCH_Y))
                0x0000000020041000                __StackOneBottom = (__StackOneTop - SIZEOF (.stack1_dummy))
                0x0000000020041800                __StackBottom = (__StackTop - SIZEOF (.stack_dummy))
                0x0000000020042000                PROVIDE (__stack, __StackTop)
                0x0000000000000001                ASSERT ((__StackLimit >= __HeapLimit), region RAM overflowed)
                0x0000000000000001                ASSERT (((__binary_info_header_end - __logical_binary_start) <= 0x100), Binary info must be in first 256 bytes of the binary)
LOAD CMakeFiles/mpu6050_i2c.dir/mpu6050_i2c.c.obj
LOAD CMakeFiles/mpu6050_i2c.dir/home/louati/pico/pico/pico-sdk/src/rp2_common/pico_stdlib/stdlib.c.obj
LOAD CMakeFiles/mpu6050_i2c.dir/home/louati/pico/pico/pico-sdk/src/rp2_common/hardware_gpio/gpio.c.obj
LOAD CMakeFiles/mpu6050_i2c.dir/home/louati/pico/pico/pico-sdk/src/rp2_common/hardware_claim/claim.c.obj
LOAD CMakeFiles/mpu6050_i2c.dir/home/louati/pico/pico/pico-sdk/src/rp2_common/hardware_sync/sync.c.obj
LOAD CMakeFiles/mpu6050_i2c.dir/home/louati/pico/pico/pico-sdk/src/rp2_common/pico_platform/platform.c.obj
LOAD CMakeFiles/mpu6050_i2c.dir/home/louati/pico/pico/pico-sdk/src/rp2_common/hardware_uart/uart.c.obj
LOAD CMakeFiles/mpu6050_i2c.dir/home/louati/pico/pico/pico-sdk/src/rp2_common/hardware_divider/divider.S.obj
LOAD CMakeFiles/mpu6050_i2c.dir/home/louati/pico/pico/pico-sdk/src/common/pico_time/time.c.obj
LOAD CMakeFiles/mpu6050_i2c.dir/home/louati/pico/pico/pico-sdk/src/common/pico_time/timeout_helper.c.obj
LOAD CMakeFiles/mpu6050_i2c.dir/home/louati/pico/pico/pico-sdk/src/rp2_common/hardware_timer/timer.c.obj
LOAD CMakeFiles/mpu6050_i2c.dir/home/louati/pico/pico/pico-sdk/src/common/pico_sync/sem.c.obj
LOAD CMakeFiles/mpu6050_i2c.dir/home/louati/pico/pico/pico-sdk/src/common/pico_sync/lock_core.c.obj
LOAD CMakeFiles/mpu6050_i2c.dir/home/louati/pico/pico/pico-sdk/src/common/pico_sync/mutex.c.obj
LOAD CMakeFiles/mpu6050_i2c.dir/home/louati/pico/pico/pico-sdk/src/common/pico_sync/critical_section.c.obj
LOAD CMakeFiles/mpu6050_i2c.dir/home/louati/pico/pico/pico-sdk/src/common/pico_util/datetime.c.obj
LOAD CMakeFiles/mpu6050_i2c.dir/home/louati/pico/pico/pico-sdk/src/common/pico_util/pheap.c.obj
LOAD CMakeFiles/mpu6050_i2c.dir/home/louati/pico/pico/pico-sdk/src/common/pico_util/queue.c.obj
LOAD CMakeFiles/mpu6050_i2c.dir/home/louati/pico/pico/pico-sdk/src/rp2_common/pico_runtime/runtime.c.obj
LOAD CMakeFiles/mpu6050_i2c.dir/home/louati/pico/pico/pico-sdk/src/rp2_common/hardware_clocks/clocks.c.obj
LOAD CMakeFiles/mpu6050_i2c.dir/home/louati/pico/pico/pico-sdk/src/rp2_common/hardware_watchdog/watchdog.c.obj
LOAD CMakeFiles/mpu6050_i2c.dir/home/louati/pico/pico/pico-sdk/src/rp2_common/hardware_xosc/xosc.c.obj
LOAD CMakeFiles/mpu6050_i2c.dir/home/louati/pico/pico/pico-sdk/src/rp2_common/hardware_pll/pll.c.obj
LOAD CMakeFiles/mpu6050_i2c.dir/home/louati/pico/pico/pico-sdk/src/rp2_common/hardware_vreg/vreg.c.obj
LOAD CMakeFiles/mpu6050_i2c.dir/home/louati/pico/pico/pico-sdk/src/rp2_common/hardware_irq/irq.c.obj
LOAD CMakeFiles/mpu6050_i2c.dir/home/louati/pico/pico/pico-sdk/src/rp2_common/hardware_irq/irq_handler_chain.S.obj
LOAD CMakeFiles/mpu6050_i2c.dir/home/louati/pico/pico/pico-sdk/src/rp2_common/pico_printf/printf.c.obj
LOAD CMakeFiles/mpu6050_i2c.dir/home/louati/pico/pico/pico-sdk/src/rp2_common/pico_bit_ops/bit_ops_aeabi.S.obj
LOAD CMakeFiles/mpu6050_i2c.dir/home/louati/pico/pico/pico-sdk/src/rp2_common/pico_bootrom/bootrom.c.obj
LOAD CMakeFiles/mpu6050_i2c.dir/home/louati/pico/pico/pico-sdk/src/rp2_common/pico_divider/divider.S.obj
LOAD CMakeFiles/mpu6050_i2c.dir/home/louati/pico/pico/pico-sdk/src/rp2_common/pico_double/double_aeabi.S.obj
LOAD CMakeFiles/mpu6050_i2c.dir/home/louati/pico/pico/pico-sdk/src/rp2_common/pico_double/double_init_rom.c.obj
LOAD CMakeFiles/mpu6050_i2c.dir/home/louati/pico/pico/pico-sdk/src/rp2_common/pico_double/double_math.c.obj
LOAD CMakeFiles/mpu6050_i2c.dir/home/louati/pico/pico/pico-sdk/src/rp2_common/pico_double/double_v1_rom_shim.S.obj
LOAD CMakeFiles/mpu6050_i2c.dir/home/louati/pico/pico/pico-sdk/src/rp2_common/pico_int64_ops/pico_int64_ops_aeabi.S.obj
LOAD CMakeFiles/mpu6050_i2c.dir/home/louati/pico/pico/pico-sdk/src/rp2_common/pico_float/float_aeabi.S.obj
LOAD CMakeFiles/mpu6050_i2c.dir/home/louati/pico/pico/pico-sdk/src/rp2_common/pico_float/float_init_rom.c.obj
LOAD CMakeFiles/mpu6050_i2c.dir/home/louati/pico/pico/pico-sdk/src/rp2_common/pico_float/float_math.c.obj
LOAD CMakeFiles/mpu6050_i2c.dir/home/louati/pico/pico/pico-sdk/src/rp2_common/pico_float/float_v1_rom_shim.S.obj
LOAD CMakeFiles/mpu6050_i2c.dir/home/louati/pico/pico/pico-sdk/src/rp2_common/pico_malloc/pico_malloc.c.obj
LOAD CMakeFiles/mpu6050_i2c.dir/home/louati/pico/pico/pico-sdk/src/rp2_common/pico_mem_ops/mem_ops_aeabi.S.obj
LOAD CMakeFiles/mpu6050_i2c.dir/home/louati/pico/pico/pico-sdk/src/rp2_common/pico_standard_link/crt0.S.obj
LOAD CMakeFiles/mpu6050_i2c.dir/home/louati/pico/pico/pico-sdk/src/rp2_common/pico_standard_link/new_delete.cpp.obj
LOAD CMakeFiles/mpu6050_i2c.dir/home/louati/pico/pico/pico-sdk/src/rp2_common/pico_standard_link/binary_info.c.obj
LOAD CMakeFiles/mpu6050_i2c.dir/home/louati/pico/pico/pico-sdk/src/rp2_common/pico_stdio/stdio.c.obj
LOAD CMakeFiles/mpu6050_i2c.dir/home/louati/pico/pico/pico-sdk/src/rp2_common/pico_stdio_uart/stdio_uart.c.obj
LOAD CMakeFiles/mpu6050_i2c.dir/home/louati/pico/pico/pico-sdk/src/rp2_common/pico_stdio_usb/stdio_usb.c.obj
LOAD CMakeFiles/mpu6050_i2c.dir/home/louati/pico/pico/pico-sdk/src/rp2_common/pico_stdio_usb/stdio_usb_descriptors.c.obj
LOAD CMakeFiles/mpu6050_i2c.dir/home/louati/pico/pico/pico-sdk/lib/tinyusb/src/portable/raspberrypi/rp2040/dcd_rp2040.c.obj
LOAD CMakeFiles/mpu6050_i2c.dir/home/louati/pico/pico/pico-sdk/lib/tinyusb/src/portable/raspberrypi/rp2040/rp2040_usb.c.obj
LOAD CMakeFiles/mpu6050_i2c.dir/home/louati/pico/pico/pico-sdk/lib/tinyusb/src/device/usbd.c.obj
LOAD CMakeFiles/mpu6050_i2c.dir/home/louati/pico/pico/pico-sdk/lib/tinyusb/src/device/usbd_control.c.obj
LOAD CMakeFiles/mpu6050_i2c.dir/home/louati/pico/pico/pico-sdk/lib/tinyusb/src/class/audio/audio_device.c.obj
LOAD CMakeFiles/mpu6050_i2c.dir/home/louati/pico/pico/pico-sdk/lib/tinyusb/src/class/cdc/cdc_device.c.obj
LOAD CMakeFiles/mpu6050_i2c.dir/home/louati/pico/pico/pico-sdk/lib/tinyusb/src/class/dfu/dfu_rt_device.c.obj
LOAD CMakeFiles/mpu6050_i2c.dir/home/louati/pico/pico/pico-sdk/lib/tinyusb/src/class/hid/hid_device.c.obj
LOAD CMakeFiles/mpu6050_i2c.dir/home/louati/pico/pico/pico-sdk/lib/tinyusb/src/class/midi/midi_device.c.obj
LOAD CMakeFiles/mpu6050_i2c.dir/home/louati/pico/pico/pico-sdk/lib/tinyusb/src/class/msc/msc_device.c.obj
LOAD CMakeFiles/mpu6050_i2c.dir/home/louati/pico/pico/pico-sdk/lib/tinyusb/src/class/net/net_device.c.obj
LOAD CMakeFiles/mpu6050_i2c.dir/home/louati/pico/pico/pico-sdk/lib/tinyusb/src/class/usbtmc/usbtmc_device.c.obj
LOAD CMakeFiles/mpu6050_i2c.dir/home/louati/pico/pico/pico-sdk/lib/tinyusb/src/class/vendor/vendor_device.c.obj
LOAD CMakeFiles/mpu6050_i2c.dir/home/louati/pico/pico/pico-sdk/lib/tinyusb/src/tusb.c.obj
LOAD CMakeFiles/mpu6050_i2c.dir/home/louati/pico/pico/pico-sdk/lib/tinyusb/src/common/tusb_fifo.c.obj
LOAD CMakeFiles/mpu6050_i2c.dir/home/louati/pico/pico/pico-sdk/src/rp2_common/pico_fix/rp2040_usb_device_enumeration/rp2040_usb_device_enumeration.c.obj
LOAD CMakeFiles/mpu6050_i2c.dir/home/louati/pico/pico/pico-sdk/src/rp2_common/hardware_i2c/i2c.c.obj
LOAD /tmp/ccf5wkvE.o
LOAD /opt/gcc-arm-none-eabi-6-2017-q2-update/bin/../lib/gcc/arm-none-eabi/6.3.1/../../../../arm-none-eabi/lib/thumb/v6-m/libstdc++.a
LOAD /opt/gcc-arm-none-eabi-6-2017-q2-update/bin/../lib/gcc/arm-none-eabi/6.3.1/../../../../arm-none-eabi/lib/thumb/v6-m/libm.a
START GROUP
LOAD /opt/gcc-arm-none-eabi-6-2017-q2-update/bin/../lib/gcc/arm-none-eabi/6.3.1/thumb/v6-m/libgcc.a
LOAD /opt/gcc-arm-none-eabi-6-2017-q2-update/bin/../lib/gcc/arm-none-eabi/6.3.1/../../../../arm-none-eabi/lib/thumb/v6-m/libc.a
END GROUP
START GROUP
LOAD /opt/gcc-arm-none-eabi-6-2017-q2-update/bin/../lib/gcc/arm-none-eabi/6.3.1/thumb/v6-m/libgcc.a
LOAD /opt/gcc-arm-none-eabi-6-2017-q2-update/bin/../lib/gcc/arm-none-eabi/6.3.1/../../../../arm-none-eabi/lib/thumb/v6-m/libc.a